[16:03:09][D][micro_wake_word:162]: The 'alexa' model sliding average probability is 0.958 and most recent probability is 1.000
[16:03:09][D][micro_wake_word:123]: Wake Word 'alexa' Detected
[16:03:09][D][micro_wake_word:195]: State changed from DETECTING_WAKE_WORD to STOP_MICROPHONE
[16:03:09][D][micro_wake_word:129]: Stopping Microphone
[16:03:09][D][micro_wake_word:195]: State changed from STOP_MICROPHONE to STOPPING_MICROPHONE
[16:03:09][D][esp-idf:000]: I (181250) I2S: DMA queue destroyed

[16:03:09][D][micro_wake_word:195]: State changed from STOPPING_MICROPHONE to IDLE
[16:03:09][D][voice_assistant:504]: State changed from IDLE to START_MICROPHONE
[16:03:09][D][voice_assistant:510]: Desired state set to START_PIPELINE
[16:03:09][D][voice_assistant:221]: Starting Microphone
[16:03:09][D][ring_buffer:024]: Created ring buffer with size 16384
[16:03:09][D][voice_assistant:504]: State changed from START_MICROPHONE to STARTING_MICROPHONE
[16:03:09][D][esp-idf:000]: I (181272) I2S: DMA Malloc info, datalen=blocksize=1024, dma_buf_count=4

[16:03:09][D][voice_assistant:504]: State changed from STARTING_MICROPHONE to START_PIPELINE
[16:03:09][D][voice_assistant:275]: Requesting start...
[16:03:09][D][voice_assistant:504]: State changed from START_PIPELINE to STARTING_PIPELINE
[16:03:09][D][voice_assistant:525]: Client started, streaming microphone
[16:03:09][D][voice_assistant:504]: State changed from STARTING_PIPELINE to STREAMING_MICROPHONE
[16:03:09][D][voice_assistant:510]: Desired state set to STREAMING_MICROPHONE
[16:03:09][D][voice_assistant:627]: Event Type: 1
[16:03:09][D][voice_assistant:630]: Assist Pipeline running
[16:03:09][D][event -> on_start:342]: Got an event ON_START
[16:03:09][D][voice_assistant:627]: Event Type: 3
[16:03:09][D][voice_assistant:641]: STT started
[16:03:09][D][setting variable -> voice_assistant_phase:320]: setting voice_assistant_phase to voice_assist_listening_phase_id
[16:03:09][D][light:036]: 'led_top' Setting:
[16:03:09][D][light:051]:   Brightness: 100%
[16:03:09][D][light:059]:   Red: 100%, Green: 100%, Blue: 100%
[16:03:09][D][light:109]:   Effect: 'listening'
[16:03:11][D][voice_assistant:627]: Event Type: 11
[16:03:11][D][voice_assistant:783]: Starting STT by VAD
[16:03:11][D][event -> on_stt_vad_start:546]: Got am event ON_STT_VAD_START
[16:03:13][D][voice_assistant:627]: Event Type: 12
[16:03:13][D][voice_assistant:787]: STT by VAD end
[16:03:13][D][voice_assistant:504]: State changed from STREAMING_MICROPHONE to STOP_MICROPHONE
[16:03:13][D][voice_assistant:510]: Desired state set to AWAITING_RESPONSE
[16:03:13][D][voice_assistant:504]: State changed from STOP_MICROPHONE to STOPPING_MICROPHONE
[16:03:13][D][setting variable -> voice_assistant_phase:353]: setting voice_assistant_phase to voice_assist_thinking_phase_id
[16:03:13][D][light:036]: 'led_top' Setting:
[16:03:13][D][light:051]:   Brightness: 70%
[16:03:13][D][light:059]:   Red: 0%, Green: 20%, Blue: 100%
[16:03:13][D][light:109]:   Effect: 'processing'
[16:03:13][D][esp-idf:000]: I (184582) I2S: DMA queue destroyed

[16:03:13][D][voice_assistant:504]: State changed from STOPPING_MICROPHONE to AWAITING_RESPONSE
[16:03:13][D][voice_assistant:627]: Event Type: 4
[16:03:13][D][voice_assistant:655]: Speech recognised as: "Let's play knock knock game."
[16:03:13][D][event -> on_stt_end:353]: Got an event ON_STT_END
[16:03:13][D][voice_assistant:627]: Event Type: 5
[16:03:13][D][voice_assistant:660]: Intent started
[16:03:14][D][voice_assistant:627]: Event Type: 6
[16:03:14][D][voice_assistant:627]: Event Type: 7
[16:03:14][D][voice_assistant:683]: Response: "Who's there?"
[16:03:14][D][event -> on_tts_start:380]: Got an event ON_TTS_START
[16:03:14][D][voice_assistant:627]: Event Type: 98
[16:03:14][D][voice_assistant:770]: TTS stream start
[16:03:14][D][event -> on_tts_stream_start:365]: Got an event ON_TTS_STREAM_START
[16:03:14][D][setting variable -> voice_assistant_phase:410]: setting voice_assistant_phase to voice_assist_replying_phase_id
[16:03:14][D][voice_assistant:627]: Event Type: 8
[16:03:14][D][voice_assistant:705]: Response URL: "https://house.savin.nyc/api/tts_proxy/581464f49ab2985acfc73ba93b31dd692d9405fe_en-us_fb508441d3_tts.home_assistant_cloud.wav"
[16:03:14][D][voice_assistant:504]: State changed from AWAITING_RESPONSE to STREAMING_RESPONSE
[16:03:14][D][voice_assistant:510]: Desired state set to STREAMING_RESPONSE
[16:03:14][D][i2s_audio.speaker:211]: Starting I2S Audio Speaker
[16:03:14][D][event -> on_tts_end:385]: Got an event ON_TTS_END
[16:03:14][D][voice_assistant:627]: Event Type: 2
[16:03:14][D][voice_assistant:719]: Assist Pipeline ended
[16:03:14][D][i2s_audio.speaker:214]: Started I2S Audio Speaker
[16:03:14][D][setting variable -> set_use_wake_word:808]: setting set_use_wake_word to false
[16:03:14][D][light:036]: 'led_top' Setting:
[16:03:14][D][light:051]:   Brightness: 60%
[16:03:14][D][light:059]:   Red: 100%, Green: 0%, Blue: 100%
[16:03:14][D][light:109]:   Effect: 'listening_ww'
[16:03:14][D][switch:012]: 'Continued conversation' Turning ON.
[16:03:14][D][switch:055]: 'Continued conversation': Sending state ON
[16:03:14][W][script:060]: Script 'return_to_idle' is already running! (mode: single)
[16:03:15][D][voice_assistant:627]: Event Type: 99
[16:03:15][D][voice_assistant:778]: TTS stream end
[16:03:15][D][voice_assistant:375]: End of audio stream received
[16:03:15][D][voice_assistant:504]: State changed from STREAMING_RESPONSE to RESPONSE_FINISHED
[16:03:15][D][voice_assistant:510]: Desired state set to RESPONSE_FINISHED
[16:03:16][D][i2s_audio.speaker:218]: Stopping I2S Audio Speaker
[16:03:16][D][i2s_audio.speaker:230]: Stopped I2S Audio Speaker
[16:03:16][D][voice_assistant:407]: Speaker has finished outputting all audio
[16:03:16][D][event -> on_tts_stream_end:421]: Got an event ON_TTS_STREAM_END
[16:03:16][D][setting variable -> voice_assistant_phase:431]: setting voice_assistant_phase to voice_assist_listening_phase_id
[16:03:16][D][voice_assistant:504]: State changed from RESPONSE_FINISHED to IDLE
[16:03:16][D][voice_assistant:510]: Desired state set to IDLE
[16:03:16][D][micro_wake_word:399]: Resetting buffers and probabilities
[16:03:16][D][micro_wake_word:195]: State changed from IDLE to START_MICROPHONE
[16:03:16][D][setting variable -> voice_assistant_phase:853]: setting voice_assistant_phase to voice_assist_idle_phase_id
[16:03:16][D][micro_wake_word:107]: Starting Microphone
[16:03:16][D][micro_wake_word:195]: State changed from START_MICROPHONE to STARTING_MICROPHONE
[16:03:16][D][esp-idf:000]: I (187583) I2S: DMA Malloc info, datalen=blocksize=1024, dma_buf_count=4

[16:03:16][D][micro_wake_word:195]: State changed from STARTING_MICROPHONE to DETECTING_WAKE_WORD
[16:03:24][D][setting variable -> voice_assistant_phase:853]: setting voice_assistant_phase to voice_assist_idle_phase_id