[12:51:08][D][micro_wake_word:162]: The 'alexa' model sliding average probability is 0.991 and most recent probability is 1.000
[12:51:08][D][micro_wake_word:123]: Wake Word 'alexa' Detected
[12:51:08][D][micro_wake_word:195]: State changed from DETECTING_WAKE_WORD to STOP_MICROPHONE
[12:51:08][D][micro_wake_word:129]: Stopping Microphone
[12:51:08][D][micro_wake_word:195]: State changed from STOP_MICROPHONE to STOPPING_MICROPHONE
[12:51:08][D][esp-idf:000]: I (3716234) I2S: DMA queue destroyed

[12:51:08][D][micro_wake_word:195]: State changed from STOPPING_MICROPHONE to IDLE
[12:51:08][D][voice_assistant:504]: State changed from IDLE to START_MICROPHONE
[12:51:08][D][voice_assistant:510]: Desired state set to START_PIPELINE
[12:51:08][D][voice_assistant:221]: Starting Microphone
[12:51:08][D][voice_assistant:504]: State changed from START_MICROPHONE to STARTING_MICROPHONE
[12:51:08][D][esp-idf:000]: I (3716250) I2S: DMA Malloc info, datalen=blocksize=1024, dma_buf_count=4

[12:51:08][D][voice_assistant:504]: State changed from STARTING_MICROPHONE to START_PIPELINE
[12:51:08][D][voice_assistant:275]: Requesting start...
[12:51:08][D][voice_assistant:504]: State changed from START_PIPELINE to STARTING_PIPELINE
[12:51:08][D][voice_assistant:525]: Client started, streaming microphone
[12:51:08][D][voice_assistant:504]: State changed from STARTING_PIPELINE to STREAMING_MICROPHONE
[12:51:08][D][voice_assistant:510]: Desired state set to STREAMING_MICROPHONE
[12:51:08][D][voice_assistant:627]: Event Type: 1
[12:51:08][D][voice_assistant:630]: Assist Pipeline running


[12:51:08][D][event -> on_start:337]: Got an event ON_START
[12:51:08][D][voice_assistant:627]: Event Type: 3
[12:51:08][D][voice_assistant:641]: STT started
[12:51:08][D][light:036]: 'led_top' Setting:
[12:51:08][D][light:051]:   Brightness: 100%
[12:51:08][D][light:059]:   Red: 100%, Green: 100%, Blue: 100%
[12:51:08][D][light:109]:   Effect: 'listening'
[12:51:10][D][voice_assistant:627]: Event Type: 11
[12:51:10][D][voice_assistant:783]: Starting STT by VAD


[12:51:10][D][event -> on_stt_vad_start:542]: Got am event ON_STT_VAD_START
[12:51:12][D][voice_assistant:627]: Event Type: 12
[12:51:12][D][voice_assistant:787]: STT by VAD end
[12:51:12][D][voice_assistant:504]: State changed from STREAMING_MICROPHONE to STOP_MICROPHONE
[12:51:12][D][voice_assistant:510]: Desired state set to AWAITING_RESPONSE
[12:51:12][D][voice_assistant:504]: State changed from STOP_MICROPHONE to STOPPING_MICROPHONE
[12:51:12][D][light:036]: 'led_top' Setting:
[12:51:12][D][light:051]:   Brightness: 70%
[12:51:12][D][light:059]:   Red: 0%, Green: 20%, Blue: 100%
[12:51:12][D][light:109]:   Effect: 'processing'
[12:51:12][D][esp-idf:000]: I (3719689) I2S: DMA queue destroyed

[12:51:12][D][voice_assistant:504]: State changed from STOPPING_MICROPHONE to AWAITING_RESPONSE
[12:51:12][D][voice_assistant:627]: Event Type: 4
[12:51:12][D][voice_assistant:655]: Speech recognised as: "Let's play a knock knock game."
[12:51:12][D][script:077]: Script 'stt_timeout_to_idle' restarting (mode: restart)


[12:51:12][D][event -> on_stt_end:348]: Got an event ON_STT_END
[12:51:12][D][voice_assistant:627]: Event Type: 5
[12:51:12][D][voice_assistant:660]: Intent started


[12:51:12][D][event -> on_intent_start:532]: Got an event ON_INTENT_START
[12:51:13][D][voice_assistant:627]: Event Type: 6


[12:51:13][D][event -> on_intent_end:537]: Got an event ON_INTENT_END
[12:51:13][D][voice_assistant:627]: Event Type: 7
[12:51:13][D][voice_assistant:683]: Response: "Who's there?"
[12:51:13][D][event -> on_tts_start:372]: Got an event ON_TTS_START
[12:51:13][D][voice_assistant:627]: Event Type: 98
[12:51:13][D][voice_assistant:770]: TTS stream start
[12:51:13][D][esp-idf:000][speaker_task]: I (3720590) I2S: DMA Malloc info, datalen=blocksize=512, dma_buf_count=8

[12:51:13][D][voice_assistant:627]: Event Type: 8
[12:51:13][D][voice_assistant:705]: Response URL: "https://house.savin.nyc/api/tts_proxy/581464f49ab2985acfc73ba93b31dd692d9405fe_en-us_fb508441d3_tts.home_assistant_cloud.wav"
[12:51:13][D][voice_assistant:504]: State changed from AWAITING_RESPONSE to STREAMING_RESPONSE
[12:51:13][D][voice_assistant:510]: Desired state set to STREAMING_RESPONSE
[12:51:13][D][i2s_audio.speaker:214]: Started I2S Audio Speaker
[12:51:13][D][event -> on_tts_end:377]: Got an event ON_TTS_END
[12:51:13][D][voice_assistant:627]: Event Type: 2
[12:51:13][D][voice_assistant:719]: Assist Pipeline ended
[12:51:13][D][light:036]: 'led_top' Setting:
[12:51:13][D][light:051]:   Brightness: 60%
[12:51:13][D][light:059]:   Red: 100%, Green: 0%, Blue: 100%
[12:51:13][D][light:109]:   Effect: 'listening_ww'
[12:51:13][D][switch:012]: 'Continued conversation' Turning ON.
[12:51:14][D][voice_assistant:627]: Event Type: 99
[12:51:14][D][voice_assistant:778]: TTS stream end
[12:51:14][D][voice_assistant:375]: End of audio stream received
[12:51:14][D][voice_assistant:504]: State changed from STREAMING_RESPONSE to RESPONSE_FINISHED
[12:51:14][D][voice_assistant:510]: Desired state set to RESPONSE_FINISHED
[12:51:14][D][esp-idf:000][speaker_task]: I (3722351) I2S: DMA queue destroyed

[12:51:14][D][i2s_audio.speaker:230]: Stopped I2S Audio Speaker
[12:51:14][D][voice_assistant:407]: Speaker has finished outputting all audio
[12:51:14][D][voice_assistant:504]: State changed from RESPONSE_FINISHED to IDLE
[12:51:14][D][voice_assistant:510]: Desired state set to IDLE
[12:51:14][D][voice_assistant:504]: State changed from IDLE to START_MICROPHONE
[12:51:14][D][voice_assistant:510]: Desired state set to START_PIPELINE
[12:51:14][D][voice_assistant:221]: Starting Microphone
[12:51:14][D][voice_assistant:504]: State changed from START_MICROPHONE to STARTING_MICROPHONE
[12:51:14][D][esp-idf:000]: I (3722380) I2S: DMA Malloc info, datalen=blocksize=1024, dma_buf_count=4

[12:51:14][D][voice_assistant:504]: State changed from STARTING_MICROPHONE to START_PIPELINE
[12:51:14][D][voice_assistant:275]: Requesting start...
[12:51:14][D][voice_assistant:504]: State changed from START_PIPELINE to STARTING_PIPELINE
[12:51:14][D][voice_assistant:525]: Client started, streaming microphone
[12:51:14][D][voice_assistant:504]: State changed from STARTING_PIPELINE to STREAMING_MICROPHONE
[12:51:14][D][voice_assistant:510]: Desired state set to STREAMING_MICROPHONE
[12:51:14][D][voice_assistant:627]: Event Type: 1
[12:51:14][D][voice_assistant:630]: Assist Pipeline running
[12:51:14][D][event -> on_start:337]: Got an event ON_START
[12:51:14][D][voice_assistant:627]: Event Type: 3
[12:51:14][D][voice_assistant:641]: STT started
[12:51:14][D][script:077]: Script 'stt_timeout_to_idle' restarting (mode: restart)
[12:51:14][D][light:036]: 'led_top' Setting:
[12:51:14][D][light:051]:   Brightness: 100%
[12:51:14][D][light:059]:   Red: 100%, Green: 100%, Blue: 100%
[12:51:14][D][light:109]:   Effect: 'listening'
[12:51:16][D][voice_assistant:627]: Event Type: 11
[12:51:16][D][voice_assistant:783]: Starting STT by VAD
[12:51:16][D][event -> on_stt_vad_start:542]: Got am event ON_STT_VAD_START
[12:51:16][D][voice_assistant:627]: Event Type: 12
[12:51:16][D][voice_assistant:787]: STT by VAD end
[12:51:16][D][voice_assistant:504]: State changed from STREAMING_MICROPHONE to STOP_MICROPHONE
[12:51:16][D][voice_assistant:510]: Desired state set to AWAITING_RESPONSE
[12:51:16][D][voice_assistant:504]: State changed from STOP_MICROPHONE to STOPPING_MICROPHONE
[12:51:16][D][light:036]: 'led_top' Setting:
[12:51:16][D][light:051]:   Brightness: 70%
[12:51:16][D][light:059]:   Red: 0%, Green: 20%, Blue: 100%
[12:51:16][D][light:109]:   Effect: 'processing'
[12:51:16][D][esp-idf:000]: I (3724314) I2S: DMA queue destroyed

[12:51:16][D][voice_assistant:504]: State changed from STOPPING_MICROPHONE to AWAITING_RESPONSE
[12:51:16][D][voice_assistant:627]: Event Type: 4
[12:51:16][D][voice_assistant:655]: Speech recognised as: "It's me."
[12:51:16][D][script:077]: Script 'stt_timeout_to_idle' restarting (mode: restart)
[12:51:16][D][event -> on_stt_end:348]: Got an event ON_STT_END
[12:51:16][D][voice_assistant:627]: Event Type: 5
[12:51:16][D][voice_assistant:660]: Intent started
[12:51:16][D][event -> on_intent_start:532]: Got an event ON_INTENT_START
[12:51:17][D][voice_assistant:627]: Event Type: 6
[12:51:17][D][event -> on_intent_end:537]: Got an event ON_INTENT_END
[12:51:17][D][voice_assistant:627]: Event Type: 7
[12:51:17][D][voice_assistant:683]: Response: "It's me who?"
[12:51:17][D][event -> on_tts_start:372]: Got an event ON_TTS_START
[12:51:17][D][voice_assistant:627]: Event Type: 98
[12:51:17][D][voice_assistant:770]: TTS stream start
[12:51:17][D][esp-idf:000][speaker_task]: I (3725085) I2S: DMA Malloc info, datalen=blocksize=512, dma_buf_count=8

[12:51:17][D][voice_assistant:627]: Event Type: 2
[12:51:17][D][voice_assistant:719]: Assist Pipeline ended
[12:51:17][D][i2s_audio.speaker:214]: Started I2S Audio Speaker
[12:51:17][D][light:036]: 'led_top' Setting:
[12:51:17][D][light:051]:   Brightness: 60%
[12:51:17][D][light:059]:   Red: 100%, Green: 0%, Blue: 100%
[12:51:17][D][light:109]:   Effect: 'listening_ww'
[12:51:17][D][switch:012]: 'Continued conversation' Turning ON.
[12:51:17][D][esp-idf:000][speaker_task]: I (3725189) I2S: DMA queue destroyed

[12:51:17][D][i2s_audio.speaker:230]: Stopped I2S Audio Speaker
[12:51:18][D][esp-idf:000][speaker_task]: I (3725690) I2S: DMA Malloc info, datalen=blocksize=512, dma_buf_count=8

[12:51:18][D][i2s_audio.speaker:214]: Started I2S Audio Speaker
[12:51:19][D][voice_assistant:627]: Event Type: 99
[12:51:19][D][voice_assistant:778]: TTS stream end
[12:51:19][D][voice_assistant:375]: End of audio stream received
[12:51:19][D][voice_assistant:504]: State changed from STREAMING_RESPONSE to RESPONSE_FINISHED
[12:51:19][D][voice_assistant:510]: Desired state set to RESPONSE_FINISHED
[12:51:20][D][i2s_audio.speaker:218]: Stopping I2S Audio Speaker
[12:51:20][D][i2s_audio.speaker:230]: Stopped I2S Audio Speaker
[12:51:20][D][voice_assistant:407]: Speaker has finished outputting all audio
[12:51:20][D][voice_assistant:504]: State changed from RESPONSE_FINISHED to IDLE
[12:51:20][D][voice_assistant:510]: Desired state set to IDLE
[12:51:20][D][voice_assistant:504]: State changed from IDLE to START_MICROPHONE
[12:51:20][D][voice_assistant:510]: Desired state set to START_PIPELINE
[12:51:20][D][voice_assistant:221]: Starting Microphone
[12:51:20][D][voice_assistant:504]: State changed from START_MICROPHONE to STARTING_MICROPHONE
[12:51:20][D][esp-idf:000]: I (3727573) I2S: DMA Malloc info, datalen=blocksize=1024, dma_buf_count=4

[12:51:20][D][voice_assistant:504]: State changed from STARTING_MICROPHONE to START_PIPELINE
[12:51:20][D][voice_assistant:275]: Requesting start...
[12:51:20][D][voice_assistant:504]: State changed from START_PIPELINE to STARTING_PIPELINE
[12:51:20][D][voice_assistant:525]: Client started, streaming microphone
[12:51:20][D][voice_assistant:504]: State changed from STARTING_PIPELINE to STREAMING_MICROPHONE
[12:51:20][D][voice_assistant:510]: Desired state set to STREAMING_MICROPHONE
[12:51:20][D][voice_assistant:627]: Event Type: 1
[12:51:20][D][voice_assistant:630]: Assist Pipeline running
[12:51:20][D][event -> on_start:337]: Got an event ON_START
[12:51:20][D][voice_assistant:627]: Event Type: 3
[12:51:20][D][voice_assistant:641]: STT started
[12:51:20][D][script:077]: Script 'stt_timeout_to_idle' restarting (mode: restart)
[12:51:20][D][light:036]: 'led_top' Setting:
[12:51:20][D][light:051]:   Brightness: 100%
[12:51:20][D][light:059]:   Red: 100%, Green: 100%, Blue: 100%
[12:51:20][D][light:109]:   Effect: 'listening'
[12:51:21][D][voice_assistant:627]: Event Type: 11
[12:51:21][D][voice_assistant:783]: Starting STT by VAD


[12:51:21][D][event -> on_stt_vad_start:542]: Got am event ON_STT_VAD_START
[12:51:22][D][voice_assistant:627]: Event Type: 12
[12:51:22][D][voice_assistant:787]: STT by VAD end
[12:51:22][D][voice_assistant:504]: State changed from STREAMING_MICROPHONE to STOP_MICROPHONE
[12:51:22][D][voice_assistant:510]: Desired state set to AWAITING_RESPONSE
[12:51:22][D][voice_assistant:504]: State changed from STOP_MICROPHONE to STOPPING_MICROPHONE
[12:51:22][D][light:036]: 'led_top' Setting:
[12:51:22][D][light:051]:   Brightness: 70%
[12:51:22][D][light:059]:   Red: 0%, Green: 20%, Blue: 100%
[12:51:22][D][light:109]:   Effect: 'processing'
[12:51:22][D][esp-idf:000]: I (3730339) I2S: DMA queue destroyed

[12:51:22][D][voice_assistant:504]: State changed from STOPPING_MICROPHONE to AWAITING_RESPONSE
[12:51:22][D][voice_assistant:627]: Event Type: 4
[12:51:22][D][voice_assistant:655]: Speech recognised as: "It's me, Alex."
[12:51:22][D][script:077]: Script 'stt_timeout_to_idle' restarting (mode: restart)


[12:51:22][D][event -> on_stt_end:348]: Got an event ON_STT_END
[12:51:22][D][voice_assistant:627]: Event Type: 5
[12:51:22][D][voice_assistant:660]: Intent started


[12:51:22][D][event -> on_intent_start:532]: Got an event ON_INTENT_START
[12:51:27][D][voice_assistant:627]: Event Type: 6


[12:51:27][D][event -> on_intent_end:537]: Got an event ON_INTENT_END
[12:51:27][D][voice_assistant:627]: Event Type: 7
[12:51:27][D][voice_assistant:683]: Response: "Nice to meet you, Alex! What would you like to do next?"


[12:51:27][D][event -> on_tts_start:372]: Got an event ON_TTS_START
[12:51:27][D][voice_assistant:627]: Event Type: 98
[12:51:27][D][voice_assistant:770]: TTS stream start
[12:51:27][D][esp-idf:000][speaker_task]: I (3734918) I2S: DMA Malloc info, datalen=blocksize=512, dma_buf_count=8

[12:51:27][D][voice_assistant:627]: Event Type: 2
[12:51:27][D][voice_assistant:719]: Assist Pipeline ended
[12:51:27][D][i2s_audio.speaker:214]: Started I2S Audio Speaker
[12:51:27][D][light:036]: 'led_top' Setting:
[12:51:27][D][light:051]:   Brightness: 60%
[12:51:27][D][light:059]:   Red: 100%, Green: 0%, Blue: 100%
[12:51:27][D][light:109]:   Effect: 'listening_ww'
[12:51:27][D][switch:012]: 'Continued conversation' Turning ON.
[12:51:27][D][i2s_audio.speaker:218]: Stopping I2S Audio Speaker
[12:51:27][D][i2s_audio.speaker:230]: Stopped I2S Audio Speaker
[12:51:27][D][esp-idf:000][speaker_task]: I (3735275) I2S: DMA Malloc info, datalen=blocksize=512, dma_buf_count=8

[12:51:27][D][i2s_audio.speaker:214]: Started I2S Audio Speaker
[12:51:32][D][voice_assistant:627]: Event Type: 99
[12:51:32][D][voice_assistant:778]: TTS stream end
[12:51:32][D][voice_assistant:375]: End of audio stream received
[12:51:32][D][voice_assistant:504]: State changed from STREAMING_RESPONSE to RESPONSE_FINISHED
[12:51:32][D][voice_assistant:510]: Desired state set to RESPONSE_FINISHED
[12:51:32][D][i2s_audio.speaker:218]: Stopping I2S Audio Speaker
[12:51:32][D][i2s_audio.speaker:230]: Stopped I2S Audio Speaker
[12:51:32][D][voice_assistant:407]: Speaker has finished outputting all audio
[12:51:32][D][voice_assistant:504]: State changed from RESPONSE_FINISHED to IDLE
[12:51:32][D][voice_assistant:510]: Desired state set to IDLE
[12:51:32][D][micro_wake_word:399]: Resetting buffers and probabilities
[12:51:32][D][micro_wake_word:195]: State changed from IDLE to START_MICROPHONE
[12:51:32][D][micro_wake_word:107]: Starting Microphone
[12:51:32][D][micro_wake_word:195]: State changed from START_MICROPHONE to STARTING_MICROPHONE
[12:51:32][D][esp-idf:000]: I (3740400) I2S: DMA Malloc info, datalen=blocksize=1024, dma_buf_count=4

[12:51:32][D][micro_wake_word:195]: State changed from STARTING_MICROPHONE to DETECTING_WAKE_WORD