[17:38:45][D][micro_wake_word:162]: The 'alexa' model sliding average probability is 0.987 and most recent probability is 1.000
[17:38:45][D][micro_wake_word:331]: Wake word model predicts alexa, but VAD model doesn't.
[17:38:45][D][micro_wake_word:162]: The 'alexa' model sliding average probability is 0.987 and most recent probability is 1.000
[17:38:45][D][micro_wake_word:331]: Wake word model predicts alexa, but VAD model doesn't.
[17:38:45][D][micro_wake_word:162]: The 'alexa' model sliding average probability is 0.987 and most recent probability is 1.000
[17:38:45][D][micro_wake_word:331]: Wake word model predicts alexa, but VAD model doesn't.
[17:38:45][D][micro_wake_word:162]: The 'alexa' model sliding average probability is 1.000 and most recent probability is 1.000
[17:38:45][D][micro_wake_word:331]: Wake word model predicts alexa, but VAD model doesn't.
[17:38:45][D][micro_wake_word:162]: The 'alexa' model sliding average probability is 1.000 and most recent probability is 1.000
[17:38:45][D][micro_wake_word:331]: Wake word model predicts alexa, but VAD model doesn't.
[17:38:45][D][micro_wake_word:162]: The 'alexa' model sliding average probability is 1.000 and most recent probability is 1.000
[17:38:45][D][micro_wake_word:331]: Wake word model predicts alexa, but VAD model doesn't.
[17:38:45][D][micro_wake_word:162]: The 'alexa' model sliding average probability is 1.000 and most recent probability is 1.000
[17:38:45][D][micro_wake_word:331]: Wake word model predicts alexa, but VAD model doesn't.
[17:38:45][D][micro_wake_word:162]: The 'alexa' model sliding average probability is 1.000 and most recent probability is 1.000
[17:38:45][D][micro_wake_word:331]: Wake word model predicts alexa, but VAD model doesn't.
[17:38:45][D][micro_wake_word:162]: The 'alexa' model sliding average probability is 1.000 and most recent probability is 1.000
[17:38:45][D][micro_wake_word:331]: Wake word model predicts alexa, but VAD model doesn't.
[17:38:45][D][micro_wake_word:162]: The 'alexa' model sliding average probability is 1.000 and most recent probability is 1.000
[17:38:45][D][micro_wake_word:331]: Wake word model predicts alexa, but VAD model doesn't.
[17:38:45][D][micro_wake_word:162]: The 'alexa' model sliding average probability is 1.000 and most recent probability is 1.000
[17:38:45][D][micro_wake_word:331]: Wake word model predicts alexa, but VAD model doesn't.
[17:38:45][D][micro_wake_word:162]: The 'alexa' model sliding average probability is 1.000 and most recent probability is 1.000
[17:38:45][D][micro_wake_word:331]: Wake word model predicts alexa, but VAD model doesn't.
[17:38:45][D][micro_wake_word:162]: The 'alexa' model sliding average probability is 1.000 and most recent probability is 1.000

[17:38:45][D][micro_wake_word:123]: Wake Word 'alexa' Detected
[17:38:45][D][micro_wake_word:195]: State changed from DETECTING_WAKE_WORD to STOP_MICROPHONE
[17:38:45][D][micro_wake_word:129]: Stopping Microphone
[17:38:45][D][micro_wake_word:195]: State changed from STOP_MICROPHONE to STOPPING_MICROPHONE
[17:38:45][D][esp-idf:000]: I (3803857) I2S: DMA queue destroyed

[17:38:45][D][micro_wake_word:195]: State changed from STOPPING_MICROPHONE to IDLE
[17:38:45][D][voice_assistant:504]: State changed from IDLE to START_MICROPHONE
[17:38:45][D][voice_assistant:510]: Desired state set to START_PIPELINE
[17:38:45][D][voice_assistant:221]: Starting Microphone
[17:38:45][D][voice_assistant:504]: State changed from START_MICROPHONE to STARTING_MICROPHONE
[17:38:45][D][esp-idf:000]: I (3803873) I2S: DMA Malloc info, datalen=blocksize=1024, dma_buf_count=4
[17:38:45][D][voice_assistant:504]: State changed from STARTING_MICROPHONE to START_PIPELINE
[17:38:45][D][voice_assistant:275]: Requesting start...
[17:38:45][D][voice_assistant:504]: State changed from START_PIPELINE to STARTING_PIPELINE
[17:38:45][D][voice_assistant:525]: Client started, streaming microphone
[17:38:45][D][voice_assistant:504]: State changed from STARTING_PIPELINE to STREAMING_MICROPHONE
[17:38:45][D][voice_assistant:510]: Desired state set to STREAMING_MICROPHONE
[17:38:45][D][voice_assistant:627]: Event Type: 1
[17:38:45][D][voice_assistant:630]: Assist Pipeline running


[17:38:45][D][event -> on_start:337]: Got an event ON_START
[17:38:45][D][voice_assistant:627]: Event Type: 3
[17:38:45][D][voice_assistant:641]: STT started
[17:38:45][D][light:036]: 'led_top' Setting:
[17:38:45][D][light:051]:   Brightness: 100%
[17:38:45][D][light:059]:   Red: 100%, Green: 100%, Blue: 100%
[17:38:45][D][light:109]:   Effect: 'listening'
[17:38:46][D][voice_assistant:627]: Event Type: 11
[17:38:46][D][voice_assistant:783]: Starting STT by VAD


[17:38:46][D][event -> on_stt_vad_start:542]: Got am event ON_STT_VAD_START
[17:38:49][D][voice_assistant:627]: Event Type: 12
[17:38:49][D][voice_assistant:787]: STT by VAD end
[17:38:49][D][voice_assistant:504]: State changed from STREAMING_MICROPHONE to STOP_MICROPHONE
[17:38:49][D][voice_assistant:510]: Desired state set to AWAITING_RESPONSE
[17:38:49][D][voice_assistant:504]: State changed from STOP_MICROPHONE to STOPPING_MICROPHONE
[17:38:49][D][light:036]: 'led_top' Setting:
[17:38:49][D][light:051]:   Brightness: 70%
[17:38:49][D][light:059]:   Red: 0%, Green: 20%, Blue: 100%
[17:38:49][D][light:109]:   Effect: 'processing'
[17:38:49][D][esp-idf:000]: I (3807692) I2S: DMA queue destroyed

[17:38:49][D][voice_assistant:504]: State changed from STOPPING_MICROPHONE to AWAITING_RESPONSE
[17:38:49][D][voice_assistant:627]: Event Type: 4
[17:38:49][D][voice_assistant:655]: Speech recognised as: "Please send message to Alex."
[17:38:49][D][script:077]: Script 'stt_timeout_to_idle' restarting (mode: restart)


[17:38:49][D][event -> on_stt_end:348]: Got an event ON_STT_END
[17:38:49][D][voice_assistant:627]: Event Type: 5
[17:38:49][D][voice_assistant:660]: Intent started


[17:38:49][D][event -> on_intent_start:532]: Got an event ON_INTENT_START
[17:38:49][D][voice_assistant:627]: Event Type: 6


[17:38:49][D][event -> on_intent_end:537]: Got an event ON_INTENT_END
[17:38:49][D][voice_assistant:627]: Event Type: 7
[17:38:49][D][voice_assistant:683]: Response: "What message would you like to send to Alex?"


[17:38:49][D][event -> on_tts_start:372]: Got an event ON_TTS_START
[17:38:49][D][voice_assistant:627]: Event Type: 98
[17:38:49][D][voice_assistant:770]: TTS stream start
[17:38:49][D][esp-idf:000][speaker_task]: I (3808527) I2S: DMA Malloc info, datalen=blocksize=512, dma_buf_count=8

[17:38:49][D][voice_assistant:627]: Event Type: 2
[17:38:49][D][voice_assistant:719]: Assist Pipeline ended
[17:38:49][D][i2s_audio.speaker:214]: Started I2S Audio Speaker
[17:38:49][D][light:036]: 'led_top' Setting:
[17:38:49][D][light:051]:   Brightness: 60%
[17:38:49][D][light:059]:   Red: 100%, Green: 0%, Blue: 100%
[17:38:49][D][light:109]:   Effect: 'listening_ww'
[17:38:49][D][switch:012]: 'Continued conversation' Turning ON.
[17:38:49][D][i2s_audio.speaker:218]: Stopping I2S Audio Speaker
[17:38:49][D][i2s_audio.speaker:230]: Stopped I2S Audio Speaker
[17:38:50][D][esp-idf:000][speaker_task]: I (3809121) I2S: DMA Malloc info, datalen=blocksize=512, dma_buf_count=8

[17:38:50][D][i2s_audio.speaker:211]: Starting I2S Audio Speaker
[17:38:50][D][i2s_audio.speaker:214]: Started I2S Audio Speaker
[17:38:53][D][voice_assistant:627]: Event Type: 99
[17:38:53][D][voice_assistant:778]: TTS stream end
[17:38:53][D][voice_assistant:375]: End of audio stream received
[17:38:53][D][voice_assistant:504]: State changed from STREAMING_RESPONSE to RESPONSE_FINISHED
[17:38:53][D][voice_assistant:510]: Desired state set to RESPONSE_FINISHED
[17:38:53][D][i2s_audio.speaker:218]: Stopping I2S Audio Speaker
[17:38:53][D][i2s_audio.speaker:230]: Stopped I2S Audio Speaker
[17:38:53][D][voice_assistant:407]: Speaker has finished outputting all audio
[17:38:53][D][voice_assistant:504]: State changed from RESPONSE_FINISHED to IDLE
[17:38:53][D][voice_assistant:510]: Desired state set to IDLE
[17:38:53][D][voice_assistant:504]: State changed from IDLE to START_MICROPHONE
[17:38:53][D][voice_assistant:510]: Desired state set to START_PIPELINE
[17:38:53][D][voice_assistant:221]: Starting Microphone
[17:38:53][D][voice_assistant:504]: State changed from START_MICROPHONE to STARTING_MICROPHONE
[17:38:53][D][esp-idf:000]: I (3812423) I2S: DMA Malloc info, datalen=blocksize=1024, dma_buf_count=4

[17:38:53][D][voice_assistant:504]: State changed from STARTING_MICROPHONE to START_PIPELINE
[17:38:53][D][voice_assistant:275]: Requesting start...
[17:38:53][D][voice_assistant:504]: State changed from START_PIPELINE to STARTING_PIPELINE
[17:38:53][D][voice_assistant:525]: Client started, streaming microphone
[17:38:53][D][voice_assistant:504]: State changed from STARTING_PIPELINE to STREAMING_MICROPHONE
[17:38:53][D][voice_assistant:510]: Desired state set to STREAMING_MICROPHONE
[17:38:53][D][voice_assistant:627]: Event Type: 1
[17:38:53][D][voice_assistant:630]: Assist Pipeline running


[17:38:53][D][event -> on_start:337]: Got an event ON_START
[17:38:53][D][voice_assistant:627]: Event Type: 3
[17:38:53][D][voice_assistant:641]: STT started
[17:38:53][D][script:077]: Script 'stt_timeout_to_idle' restarting (mode: restart)
[17:38:53][D][light:036]: 'led_top' Setting:
[17:38:53][D][light:051]:   Brightness: 100%
[17:38:53][D][light:059]:   Red: 100%, Green: 100%, Blue: 100%
[17:38:53][D][light:109]:   Effect: 'listening'
[17:38:55][D][voice_assistant:627]: Event Type: 11
[17:38:55][D][voice_assistant:783]: Starting STT by VAD


[17:38:55][D][event -> on_stt_vad_start:542]: Got am event ON_STT_VAD_START
[17:38:56][D][voice_assistant:627]: Event Type: 12
[17:38:56][D][voice_assistant:787]: STT by VAD end
[17:38:56][D][voice_assistant:504]: State changed from STREAMING_MICROPHONE to STOP_MICROPHONE
[17:38:56][D][voice_assistant:510]: Desired state set to AWAITING_RESPONSE
[17:38:56][D][voice_assistant:504]: State changed from STOP_MICROPHONE to STOPPING_MICROPHONE
[17:38:56][D][light:036]: 'led_top' Setting:
[17:38:56][D][light:051]:   Brightness: 70%
[17:38:56][D][light:059]:   Red: 0%, Green: 20%, Blue: 100%
[17:38:56][D][light:109]:   Effect: 'processing'
[17:38:56][D][esp-idf:000]: I (3815314) I2S: DMA queue destroyed
[17:38:56][D][voice_assistant:504]: State changed from STOPPING_MICROPHONE to AWAITING_RESPONSE
[17:38:56][D][voice_assistant:627]: Event Type: 4
[17:38:56][D][voice_assistant:655]: Speech recognised as: "Test message please."
[17:38:56][D][script:077]: Script 'stt_timeout_to_idle' restarting (mode: restart)


[17:38:56][D][event -> on_stt_end:348]: Got an event ON_STT_END
[17:38:56][D][voice_assistant:627]: Event Type: 5
[17:38:56][D][voice_assistant:660]: Intent started


[17:38:56][D][event -> on_intent_start:532]: Got an event ON_INTENT_START
[17:38:58][D][voice_assistant:627]: Event Type: 6


[17:38:58][D][event -> on_intent_end:537]: Got an event ON_INTENT_END
[17:38:58][D][voice_assistant:627]: Event Type: 7
[17:38:58][D][voice_assistant:683]: Response: "I will send the message "Test message please" to Alex. Shall I proceed?"


[17:38:58][D][event -> on_tts_start:372]: Got an event ON_TTS_START
[17:38:58][D][voice_assistant:627]: Event Type: 98
[17:38:58][D][voice_assistant:770]: TTS stream start
[17:38:58][D][esp-idf:000][speaker_task]: I (3816720) I2S: DMA Malloc info, datalen=blocksize=512, dma_buf_count=8

[17:38:58][D][voice_assistant:627]: Event Type: 2
[17:38:58][D][voice_assistant:719]: Assist Pipeline ended
[17:38:58][D][i2s_audio.speaker:214]: Started I2S Audio Speaker
[17:38:58][D][light:036]: 'led_top' Setting:
[17:38:58][D][light:051]:   Brightness: 60%
[17:38:58][D][light:059]:   Red: 100%, Green: 0%, Blue: 100%
[17:38:58][D][light:109]:   Effect: 'listening_ww'
[17:38:58][D][switch:012]: 'Continued conversation' Turning ON.
[17:38:58][D][esp-idf:000][speaker_task]: I (3816826) I2S: DMA queue destroyed
[17:38:58][D][i2s_audio.speaker:230]: Stopped I2S Audio Speaker
[17:38:58][D][esp-idf:000][speaker_task]: I (3817107) I2S: DMA Malloc info, datalen=blocksize=512, dma_buf_count=8
[17:38:58][D][i2s_audio.speaker:214]: Started I2S Audio Speaker
[17:39:03][D][voice_assistant:627]: Event Type: 99
[17:39:03][D][voice_assistant:778]: TTS stream end
[17:39:03][D][voice_assistant:375]: End of audio stream received
[17:39:03][D][voice_assistant:504]: State changed from STREAMING_RESPONSE to RESPONSE_FINISHED
[17:39:03][D][voice_assistant:510]: Desired state set to RESPONSE_FINISHED
[17:39:04][D][esp-idf:000][speaker_task]: I (3823067) I2S: DMA queue destroyed
[17:39:04][D][i2s_audio.speaker:230]: Stopped I2S Audio Speaker
[17:39:04][D][voice_assistant:407]: Speaker has finished outputting all audio
[17:39:04][D][voice_assistant:504]: State changed from RESPONSE_FINISHED to IDLE
[17:39:04][D][voice_assistant:510]: Desired state set to IDLE
[17:39:04][D][voice_assistant:504]: State changed from IDLE to START_MICROPHONE
[17:39:04][D][voice_assistant:510]: Desired state set to START_PIPELINE
[17:39:04][D][voice_assistant:221]: Starting Microphone
[17:39:04][D][voice_assistant:504]: State changed from START_MICROPHONE to STARTING_MICROPHONE
[17:39:04][D][esp-idf:000]: I (3823099) I2S: DMA Malloc info, datalen=blocksize=1024, dma_buf_count=4
[17:39:04][D][voice_assistant:504]: State changed from STARTING_MICROPHONE to START_PIPELINE
[17:39:04][D][voice_assistant:275]: Requesting start...
[17:39:04][D][voice_assistant:504]: State changed from START_PIPELINE to STARTING_PIPELINE
[17:39:04][D][voice_assistant:525]: Client started, streaming microphone
[17:39:04][D][voice_assistant:504]: State changed from STARTING_PIPELINE to STREAMING_MICROPHONE
[17:39:04][D][voice_assistant:510]: Desired state set to STREAMING_MICROPHONE
[17:39:04][D][voice_assistant:627]: Event Type: 1
[17:39:04][D][voice_assistant:630]: Assist Pipeline running


[17:39:04][D][event -> on_start:337]: Got an event ON_START
[17:39:04][D][voice_assistant:627]: Event Type: 3
[17:39:04][D][voice_assistant:641]: STT started
[17:39:04][D][script:077]: Script 'stt_timeout_to_idle' restarting (mode: restart)
[17:39:04][D][light:036]: 'led_top' Setting:
[17:39:04][D][light:051]:   Brightness: 100%
[17:39:04][D][light:059]:   Red: 100%, Green: 100%, Blue: 100%
[17:39:04][D][light:109]:   Effect: 'listening'
[17:39:12][D][voice_assistant:620]: Signaling stop...
[17:39:12][D][voice_assistant:504]: State changed from STREAMING_MICROPHONE to STOP_MICROPHONE
[17:39:12][D][voice_assistant:510]: Desired state set to IDLE
[17:39:12][D][voice_assistant:504]: State changed from STOP_MICROPHONE to STOPPING_MICROPHONE
[17:39:12][D][esp-idf:000]: I (3831225) I2S: DMA queue destroyed
[17:39:12][D][voice_assistant:504]: State changed from STOPPING_MICROPHONE to IDLE
[17:39:12][D][micro_wake_word:399]: Resetting buffers and probabilities
[17:39:12][D][micro_wake_word:195]: State changed from IDLE to START_MICROPHONE
[17:39:12][D][micro_wake_word:107]: Starting Microphone
[17:39:12][D][micro_wake_word:195]: State changed from START_MICROPHONE to STARTING_MICROPHONE
[17:39:12][D][esp-idf:000]: I (3831278) I2S: DMA Malloc info, datalen=blocksize=1024, dma_buf_count=4
[17:39:12][D][micro_wake_word:195]: State changed from STARTING_MICROPHONE to DETECTING_WAKE_WORD
[17:39:12][D][voice_assistant:627]: Event Type: 4
[17:39:12][D][voice_assistant:655]: Speech recognised as: "Yes, please."


[17:39:12][D][event -> on_stt_end:348]: Got an event ON_STT_END
[17:39:12][D][voice_assistant:627]: Event Type: 5
[17:39:12][D][voice_assistant:660]: Intent started


[17:39:12][D][event -> on_intent_start:532]: Got an event ON_INTENT_START
[17:39:14][D][voice_assistant:627]: Event Type: 6


[17:39:14][D][event -> on_intent_end:537]: Got an event ON_INTENT_END
[17:39:14][D][voice_assistant:627]: Event Type: 7
[17:39:14][D][voice_assistant:683]: Response: "The message has been successfully sent to Alex."


[17:39:14][D][event -> on_tts_start:372]: Got an event ON_TTS_START
[17:39:14][D][voice_assistant:627]: Event Type: 98
[17:39:14][D][voice_assistant:770]: TTS stream start
[17:39:14][D][voice_assistant:627]: Event Type: 99
[17:39:14][D][voice_assistant:778]: TTS stream end
[17:39:14][D][voice_assistant:627]: Event Type: 8
[17:39:14][D][voice_assistant:705]: Response URL: "https://house.savin.nyc/api/tts_proxy/18511703562a7983084a032c6dfcb2c4813d6edd_en-us_fb508441d3_tts.home_assistant_cloud.wav"
[17:39:14][D][voice_assistant:504]: State changed from IDLE to STREAMING_RESPONSE
[17:39:14][D][voice_assistant:510]: Desired state set to STREAMING_RESPONSE
[17:39:14][D][voice_assistant:375]: End of audio stream received
[17:39:14][D][voice_assistant:504]: State changed from STREAMING_RESPONSE to RESPONSE_FINISHED
[17:39:14][D][voice_assistant:510]: Desired state set to RESPONSE_FINISHED


[17:39:14][D][event -> on_tts_end:377]: Got an event ON_TTS_END
[17:39:14][D][voice_assistant:627]: Event Type: 2
[17:39:14][D][voice_assistant:719]: Assist Pipeline ended
[17:39:14][D][voice_assistant:407]: Speaker has finished outputting all audio
[17:39:14][D][voice_assistant:504]: State changed from RESPONSE_FINISHED to IDLE
[17:39:14][D][voice_assistant:510]: Desired state set to IDLE
[17:39:14][D][light:036]: 'led_top' Setting:
[17:39:14][D][light:051]:   Brightness: 60%
[17:39:14][D][light:059]:   Red: 100%, Green: 0%, Blue: 100%
[17:39:14][D][light:109]:   Effect: 'listening_ww'
[17:39:20][D][micro_wake_word:162]: The 'alexa' model sliding average probability is 0.989 and most recent probability is 1.000
[17:39:20][D][micro_wake_word:123]: Wake Word 'alexa' Detected
[17:39:20][D][micro_wake_word:195]: State changed from DETECTING_WAKE_WORD to STOP_MICROPHONE
[17:39:20][D][micro_wake_word:129]: Stopping Microphone
[17:39:20][D][micro_wake_word:195]: State changed from STOP_MICROPHONE to STOPPING_MICROPHONE
[17:39:20][D][esp-idf:000]: I (3838972) I2S: DMA queue destroyed
[17:39:20][D][micro_wake_word:195]: State changed from STOPPING_MICROPHONE to IDLE
[17:39:20][D][voice_assistant:504]: State changed from IDLE to START_MICROPHONE
[17:39:20][D][voice_assistant:510]: Desired state set to START_PIPELINE
[17:39:20][D][voice_assistant:221]: Starting Microphone
[17:39:20][D][voice_assistant:504]: State changed from START_MICROPHONE to STARTING_MICROPHONE
[17:39:20][D][esp-idf:000]: I (3838989) I2S: DMA Malloc info, datalen=blocksize=1024, dma_buf_count=4
[17:39:20][D][voice_assistant:504]: State changed from STARTING_MICROPHONE to START_PIPELINE
[17:39:20][D][voice_assistant:275]: Requesting start...
[17:39:20][D][voice_assistant:504]: State changed from START_PIPELINE to STARTING_PIPELINE
[17:39:20][D][voice_assistant:525]: Client started, streaming microphone
[17:39:20][D][voice_assistant:504]: State changed from STARTING_PIPELINE to STREAMING_MICROPHONE
[17:39:20][D][voice_assistant:510]: Desired state set to STREAMING_MICROPHONE
[17:39:20][D][voice_assistant:627]: Event Type: 1
[17:39:20][D][voice_assistant:630]: Assist Pipeline running


[17:39:20][D][event -> on_start:337]: Got an event ON_START
[17:39:20][D][voice_assistant:627]: Event Type: 3
[17:39:20][D][voice_assistant:641]: STT started
[17:39:20][D][script:077]: Script 'stt_timeout_to_idle' restarting (mode: restart)
[17:39:20][D][light:036]: 'led_top' Setting:
[17:39:20][D][light:051]:   Brightness: 100%
[17:39:20][D][light:059]:   Red: 100%, Green: 100%, Blue: 100%
[17:39:20][D][light:109]:   Effect: 'listening'
[17:39:21][D][voice_assistant:627]: Event Type: 11
[17:39:21][D][voice_assistant:783]: Starting STT by VAD


[17:39:21][D][event -> on_stt_vad_start:542]: Got am event ON_STT_VAD_START
[17:39:23][D][voice_assistant:627]: Event Type: 12
[17:39:23][D][voice_assistant:787]: STT by VAD end
[17:39:23][D][voice_assistant:504]: State changed from STREAMING_MICROPHONE to STOP_MICROPHONE
[17:39:23][D][voice_assistant:510]: Desired state set to AWAITING_RESPONSE
[17:39:23][D][voice_assistant:504]: State changed from STOP_MICROPHONE to STOPPING_MICROPHONE
[17:39:23][D][light:036]: 'led_top' Setting:
[17:39:23][D][light:051]:   Brightness: 70%
[17:39:23][D][light:059]:   Red: 0%, Green: 20%, Blue: 100%
[17:39:23][D][light:109]:   Effect: 'processing'
[17:39:23][D][esp-idf:000]: I (3842167) I2S: DMA queue destroyed
[17:39:23][D][voice_assistant:504]: State changed from STOPPING_MICROPHONE to AWAITING_RESPONSE
[17:39:23][D][voice_assistant:627]: Event Type: 4
[17:39:23][D][voice_assistant:655]: Speech recognised as: "Please send a message."
[17:39:23][D][script:077]: Script 'stt_timeout_to_idle' restarting (mode: restart)


[17:39:23][D][event -> on_stt_end:348]: Got an event ON_STT_END
[17:39:23][D][voice_assistant:627]: Event Type: 5
[17:39:23][D][voice_assistant:660]: Intent started


[17:39:23][D][event -> on_intent_start:532]: Got an event ON_INTENT_START
[17:39:24][D][voice_assistant:627]: Event Type: 6


[17:39:24][D][event -> on_intent_end:537]: Got an event ON_INTENT_END
[17:39:24][D][voice_assistant:627]: Event Type: 7
[17:39:24][D][voice_assistant:683]: Response: "What message would you like to send?"


[17:39:24][D][event -> on_tts_start:372]: Got an event ON_TTS_START
[17:39:24][D][voice_assistant:627]: Event Type: 98
[17:39:24][D][voice_assistant:770]: TTS stream start
[17:39:24][D][esp-idf:000][speaker_task]: I (3842913) I2S: DMA Malloc info, datalen=blocksize=512, dma_buf_count=8

[17:39:24][D][voice_assistant:627]: Event Type: 2
[17:39:24][D][voice_assistant:719]: Assist Pipeline ended
[17:39:24][D][i2s_audio.speaker:214]: Started I2S Audio Speaker
[17:39:24][D][light:036]: 'led_top' Setting:
[17:39:24][D][light:051]:   Brightness: 60%
[17:39:24][D][light:059]:   Red: 100%, Green: 0%, Blue: 100%
[17:39:24][D][light:109]:   Effect: 'listening_ww'
[17:39:24][D][switch:012]: 'Continued conversation' Turning ON.
[17:39:24][D][i2s_audio.speaker:218]: Stopping I2S Audio Speaker
[17:39:24][D][i2s_audio.speaker:230]: Stopped I2S Audio Speaker
[17:39:24][D][esp-idf:000][speaker_task]: I (3843624) I2S: DMA Malloc info, datalen=blocksize=512, dma_buf_count=8
[17:39:24][D][i2s_audio.speaker:214]: Started I2S Audio Speaker
[17:39:27][D][voice_assistant:627]: Event Type: 99
[17:39:27][D][voice_assistant:778]: TTS stream end
[17:39:27][D][voice_assistant:375]: End of audio stream received
[17:39:27][D][voice_assistant:504]: State changed from STREAMING_RESPONSE to RESPONSE_FINISHED
[17:39:27][D][voice_assistant:510]: Desired state set to RESPONSE_FINISHED
[17:39:27][D][esp-idf:000][speaker_task]: I (3846369) I2S: DMA queue destroyed

[17:39:27][D][i2s_audio.speaker:230]: Stopped I2S Audio Speaker
[17:39:27][D][voice_assistant:407]: Speaker has finished outputting all audio
[17:39:27][D][voice_assistant:504]: State changed from RESPONSE_FINISHED to IDLE
[17:39:27][D][voice_assistant:510]: Desired state set to IDLE
[17:39:27][D][voice_assistant:504]: State changed from IDLE to START_MICROPHONE
[17:39:27][D][voice_assistant:510]: Desired state set to START_PIPELINE
[17:39:27][D][voice_assistant:221]: Starting Microphone
[17:39:27][D][voice_assistant:504]: State changed from START_MICROPHONE to STARTING_MICROPHONE
[17:39:27][D][esp-idf:000]: I (3846400) I2S: DMA Malloc info, datalen=blocksize=1024, dma_buf_count=4

[17:39:27][D][voice_assistant:504]: State changed from STARTING_MICROPHONE to START_PIPELINE
[17:39:27][D][voice_assistant:275]: Requesting start...
[17:39:27][D][voice_assistant:504]: State changed from START_PIPELINE to STARTING_PIPELINE
[17:39:27][D][voice_assistant:525]: Client started, streaming microphone
[17:39:27][D][voice_assistant:504]: State changed from STARTING_PIPELINE to STREAMING_MICROPHONE
[17:39:27][D][voice_assistant:510]: Desired state set to STREAMING_MICROPHONE
[17:39:27][D][voice_assistant:627]: Event Type: 1
[17:39:27][D][voice_assistant:630]: Assist Pipeline running


[17:39:27][D][event -> on_start:337]: Got an event ON_START
[17:39:27][D][voice_assistant:627]: Event Type: 3
[17:39:27][D][voice_assistant:641]: STT started
[17:39:27][D][script:077]: Script 'stt_timeout_to_idle' restarting (mode: restart)
[17:39:27][D][light:036]: 'led_top' Setting:
[17:39:27][D][light:051]:   Brightness: 100%
[17:39:27][D][light:059]:   Red: 100%, Green: 100%, Blue: 100%
[17:39:27][D][light:109]:   Effect: 'listening'
[17:39:30][D][voice_assistant:627]: Event Type: 11
[17:39:30][D][voice_assistant:783]: Starting STT by VAD


[17:39:30][D][event -> on_stt_vad_start:542]: Got am event ON_STT_VAD_START
[17:39:31][D][voice_assistant:627]: Event Type: 12
[17:39:31][D][voice_assistant:787]: STT by VAD end
[17:39:31][D][voice_assistant:504]: State changed from STREAMING_MICROPHONE to STOP_MICROPHONE
[17:39:31][D][voice_assistant:510]: Desired state set to AWAITING_RESPONSE
[17:39:31][D][voice_assistant:504]: State changed from STOP_MICROPHONE to STOPPING_MICROPHONE
[17:39:31][D][light:036]: 'led_top' Setting:
[17:39:31][D][light:051]:   Brightness: 70%
[17:39:31][D][light:059]:   Red: 0%, Green: 20%, Blue: 100%
[17:39:31][D][light:109]:   Effect: 'processing'
[17:39:31][D][esp-idf:000]: I (3850335) I2S: DMA queue destroyed
[17:39:31][D][voice_assistant:504]: State changed from STOPPING_MICROPHONE to AWAITING_RESPONSE
[17:39:31][D][voice_assistant:627]: Event Type: 4
[17:39:31][D][voice_assistant:655]: Speech recognised as: "Test message."
[17:39:31][D][script:077]: Script 'stt_timeout_to_idle' restarting (mode: restart)


[17:39:31][D][event -> on_stt_end:348]: Got an event ON_STT_END
[17:39:31][D][voice_assistant:627]: Event Type: 5
[17:39:31][D][voice_assistant:660]: Intent started


[17:39:31][D][event -> on_intent_start:532]: Got an event ON_INTENT_START
[17:39:32][D][voice_assistant:627]: Event Type: 6


[17:39:32][D][event -> on_intent_end:537]: Got an event ON_INTENT_END
[17:39:32][D][voice_assistant:627]: Event Type: 7
[17:39:32][D][voice_assistant:683]: Response: "What service should I use to send the message? Should I notify Alex or Tanya?"


[17:39:32][D][event -> on_tts_start:372]: Got an event ON_TTS_START
[17:39:32][D][voice_assistant:627]: Event Type: 98
[17:39:32][D][voice_assistant:770]: TTS stream start
[17:39:32][D][esp-idf:000][speaker_task]: I (3851126) I2S: DMA Malloc info, datalen=blocksize=512, dma_buf_count=8
[17:39:32][D][voice_assistant:627]: Event Type: 2
[17:39:32][D][voice_assistant:719]: Assist Pipeline ended
[17:39:32][D][i2s_audio.speaker:214]: Started I2S Audio Speaker
[17:39:32][D][light:036]: 'led_top' Setting:
[17:39:32][D][light:051]:   Brightness: 60%
[17:39:32][D][light:059]:   Red: 100%, Green: 0%, Blue: 100%
[17:39:32][D][light:109]:   Effect: 'listening_ww'
[17:39:32][D][switch:012]: 'Continued conversation' Turning ON.
[17:39:32][D][i2s_audio.speaker:218]: Stopping I2S Audio Speaker
[17:39:32][D][i2s_audio.speaker:230]: Stopped I2S Audio Speaker
[17:39:32][D][i2s_audio.speaker:211]: Starting I2S Audio Speaker
[17:39:32][D][i2s_audio.speaker:214]: Started I2S Audio Speaker
[17:39:38][D][voice_assistant:627]: Event Type: 99
[17:39:38][D][voice_assistant:778]: TTS stream end
[17:39:38][D][voice_assistant:375]: End of audio stream received
[17:39:38][D][voice_assistant:504]: State changed from STREAMING_RESPONSE to RESPONSE_FINISHED
[17:39:38][D][voice_assistant:510]: Desired state set to RESPONSE_FINISHED
[17:39:38][D][i2s_audio.speaker:218]: Stopping I2S Audio Speaker
[17:39:38][D][i2s_audio.speaker:230]: Stopped I2S Audio Speaker
[17:39:38][D][voice_assistant:407]: Speaker has finished outputting all audio
[17:39:38][D][voice_assistant:504]: State changed from RESPONSE_FINISHED to IDLE
[17:39:38][D][voice_assistant:510]: Desired state set to IDLE
[17:39:38][D][voice_assistant:504]: State changed from IDLE to START_MICROPHONE
[17:39:38][D][voice_assistant:510]: Desired state set to START_PIPELINE
[17:39:38][D][voice_assistant:221]: Starting Microphone
[17:39:38][D][voice_assistant:504]: State changed from START_MICROPHONE to STARTING_MICROPHONE
[17:39:38][D][esp-idf:000]: I (3857335) I2S: DMA Malloc info, datalen=blocksize=1024, dma_buf_count=4
[17:39:38][D][voice_assistant:504]: State changed from STARTING_MICROPHONE to START_PIPELINE
[17:39:38][D][voice_assistant:275]: Requesting start...
[17:39:38][D][voice_assistant:504]: State changed from START_PIPELINE to STARTING_PIPELINE
[17:39:38][D][voice_assistant:525]: Client started, streaming microphone
[17:39:38][D][voice_assistant:504]: State changed from STARTING_PIPELINE to STREAMING_MICROPHONE
[17:39:38][D][voice_assistant:510]: Desired state set to STREAMING_MICROPHONE
[17:39:38][D][voice_assistant:627]: Event Type: 1
[17:39:38][D][voice_assistant:630]: Assist Pipeline running


[17:39:38][D][event -> on_start:337]: Got an event ON_START
[17:39:38][D][voice_assistant:627]: Event Type: 3
[17:39:38][D][voice_assistant:641]: STT started
[17:39:38][D][script:077]: Script 'stt_timeout_to_idle' restarting (mode: restart)
[17:39:38][D][light:036]: 'led_top' Setting:
[17:39:38][D][light:051]:   Brightness: 100%
[17:39:38][D][light:059]:   Red: 100%, Green: 100%, Blue: 100%
[17:39:38][D][light:109]:   Effect: 'listening'
[17:39:40][D][voice_assistant:627]: Event Type: 11
[17:39:40][D][voice_assistant:783]: Starting STT by VAD


[17:39:40][D][event -> on_stt_vad_start:542]: Got am event ON_STT_VAD_START
[17:39:41][D][voice_assistant:627]: Event Type: 12
[17:39:41][D][voice_assistant:787]: STT by VAD end
[17:39:41][D][voice_assistant:504]: State changed from STREAMING_MICROPHONE to STOP_MICROPHONE
[17:39:41][D][voice_assistant:510]: Desired state set to AWAITING_RESPONSE
[17:39:41][D][voice_assistant:504]: State changed from STOP_MICROPHONE to STOPPING_MICROPHONE
[17:39:41][D][light:036]: 'led_top' Setting:
[17:39:41][D][light:051]:   Brightness: 70%
[17:39:41][D][light:059]:   Red: 0%, Green: 20%, Blue: 100%
[17:39:41][D][light:109]:   Effect: 'processing'
[17:39:41][D][esp-idf:000]: I (3860453) I2S: DMA queue destroyed
[17:39:41][D][voice_assistant:504]: State changed from STOPPING_MICROPHONE to AWAITING_RESPONSE
[17:39:41][D][voice_assistant:627]: Event Type: 4
[17:39:41][D][voice_assistant:655]: Speech recognised as: "Please send it to Alex."
[17:39:41][D][script:077]: Script 'stt_timeout_to_idle' restarting (mode: restart)


[17:39:41][D][event -> on_stt_end:348]: Got an event ON_STT_END
[17:39:41][D][voice_assistant:627]: Event Type: 5
[17:39:41][D][voice_assistant:660]: Intent started


[17:39:41][D][event -> on_intent_start:532]: Got an event ON_INTENT_START
[17:39:43][D][voice_assistant:627]: Event Type: 6


[17:39:43][D][event -> on_intent_end:537]: Got an event ON_INTENT_END
[17:39:43][D][voice_assistant:627]: Event Type: 7
[17:39:43][D][voice_assistant:683]: Response: "The message "Test message" has been successfully sent to Alex."


[17:39:43][D][event -> on_tts_start:372]: Got an event ON_TTS_START
[17:39:43][D][voice_assistant:627]: Event Type: 98
[17:39:43][D][voice_assistant:770]: TTS stream start
[17:39:43][D][esp-idf:000][speaker_task]: I (3861877) I2S: DMA Malloc info, datalen=blocksize=512, dma_buf_count=8
[17:39:43][D][voice_assistant:627]: Event Type: 2
[17:39:43][D][voice_assistant:719]: Assist Pipeline ended
[17:39:43][D][i2s_audio.speaker:214]: Started I2S Audio Speaker
[17:39:43][D][light:036]: 'led_top' Setting:
[17:39:43][D][light:051]:   Brightness: 60%
[17:39:43][D][light:059]:   Red: 100%, Green: 0%, Blue: 100%
[17:39:43][D][light:109]:   Effect: 'listening_ww'
[17:39:43][D][esp-idf:000][speaker_task]: I (3861982) I2S: DMA queue destroyed
[17:39:43][D][i2s_audio.speaker:230]: Stopped I2S Audio Speaker
[17:39:43][D][esp-idf:000][speaker_task]: I (3862230) I2S: DMA Malloc info, datalen=blocksize=512, dma_buf_count=8

[17:39:43][D][i2s_audio.speaker:214]: Started I2S Audio Speaker
[17:39:47][D][voice_assistant:627]: Event Type: 99
[17:39:47][D][voice_assistant:778]: TTS stream end
[17:39:47][D][voice_assistant:375]: End of audio stream received
[17:39:47][D][voice_assistant:504]: State changed from STREAMING_RESPONSE to RESPONSE_FINISHED
[17:39:47][D][voice_assistant:510]: Desired state set to RESPONSE_FINISHED
[17:39:48][D][esp-idf:000][speaker_task]: I (3867063) I2S: DMA queue destroyed
[17:39:48][D][i2s_audio.speaker:230]: Stopped I2S Audio Speaker
[17:39:48][D][voice_assistant:407]: Speaker has finished outputting all audio
[17:39:48][D][voice_assistant:504]: State changed from RESPONSE_FINISHED to IDLE
[17:39:48][D][voice_assistant:510]: Desired state set to IDLE
[17:39:48][D][voice_assistant:504]: State changed from IDLE to START_MICROPHONE
[17:39:48][D][voice_assistant:510]: Desired state set to START_PIPELINE
[17:39:48][D][voice_assistant:221]: Starting Microphone
[17:39:48][D][voice_assistant:504]: State changed from START_MICROPHONE to STARTING_MICROPHONE
[17:39:48][D][esp-idf:000]: I (3867095) I2S: DMA Malloc info, datalen=blocksize=1024, dma_buf_count=4

[17:39:48][D][voice_assistant:504]: State changed from STARTING_MICROPHONE to START_PIPELINE
[17:39:48][D][voice_assistant:275]: Requesting start...
[17:39:48][D][voice_assistant:504]: State changed from START_PIPELINE to STARTING_PIPELINE
[17:39:48][D][voice_assistant:525]: Client started, streaming microphone
[17:39:48][D][voice_assistant:504]: State changed from STARTING_PIPELINE to STREAMING_MICROPHONE
[17:39:48][D][voice_assistant:510]: Desired state set to STREAMING_MICROPHONE
[17:39:48][D][voice_assistant:627]: Event Type: 1
[17:39:48][D][voice_assistant:630]: Assist Pipeline running


[17:39:48][D][event -> on_start:337]: Got an event ON_START
[17:39:48][D][voice_assistant:627]: Event Type: 3
[17:39:48][D][voice_assistant:641]: STT started
[17:39:48][D][script:077]: Script 'stt_timeout_to_idle' restarting (mode: restart)
[17:39:48][D][light:036]: 'led_top' Setting:
[17:39:48][D][light:051]:   Brightness: 100%
[17:39:48][D][light:059]:   Red: 100%, Green: 100%, Blue: 100%
[17:39:48][D][light:109]:   Effect: 'listening'
[17:39:55][D][voice_assistant:627]: Event Type: 11
[17:39:55][D][voice_assistant:783]: Starting STT by VAD


[17:39:55][D][event -> on_stt_vad_start:542]: Got am event ON_STT_VAD_START
[17:39:56][D][voice_assistant:627]: Event Type: 12
[17:39:56][D][voice_assistant:787]: STT by VAD end
[17:39:56][D][voice_assistant:504]: State changed from STREAMING_MICROPHONE to STOP_MICROPHONE
[17:39:56][D][voice_assistant:510]: Desired state set to AWAITING_RESPONSE
[17:39:56][D][voice_assistant:504]: State changed from STOP_MICROPHONE to STOPPING_MICROPHONE
[17:39:56][D][light:036]: 'led_top' Setting:
[17:39:56][D][light:051]:   Brightness: 70%
[17:39:56][D][light:059]:   Red: 0%, Green: 20%, Blue: 100%
[17:39:56][D][light:109]:   Effect: 'processing'
[17:39:56][D][esp-idf:000]: I (3875137) I2S: DMA queue destroyed
[17:39:56][D][voice_assistant:504]: State changed from STOPPING_MICROPHONE to AWAITING_RESPONSE
[17:39:56][D][voice_assistant:627]: Event Type: 4
[17:39:56][D][voice_assistant:655]: Speech recognised as: "Thank you. You should look noise a bit."


[17:39:56][D][event -> on_stt_end:348]: Got an event ON_STT_END
[17:39:56][D][voice_assistant:627]: Event Type: 5
[17:39:56][D][voice_assistant:660]: Intent started


[17:39:56][D][event -> on_intent_start:532]: Got an event ON_INTENT_START
[17:39:57][D][voice_assistant:627]: Event Type: 6


[17:39:57][D][event -> on_intent_end:537]: Got an event ON_INTENT_END
[17:39:57][D][voice_assistant:627]: Event Type: 7
[17:39:57][D][voice_assistant:683]: Response: "Ok, bye."
[17:39:57][W][script:060]: Script 'return_to_idle' is already running! (mode: single)


[17:39:57][D][event -> on_tts_start:372]: Got an event ON_TTS_START
[17:39:57][D][voice_assistant:627]: Event Type: 98
[17:39:57][D][voice_assistant:770]: TTS stream start
[17:39:57][D][esp-idf:000][speaker_task]: I (3875888) I2S: DMA Malloc info, datalen=blocksize=512, dma_buf_count=8
[17:39:57][D][voice_assistant:627]: Event Type: 2
[17:39:57][D][voice_assistant:719]: Assist Pipeline ended
[17:39:57][D][i2s_audio.speaker:214]: Started I2S Audio Speaker
[17:39:57][D][light:036]: 'led_top' Setting:
[17:39:57][D][light:051]:   Brightness: 60%
[17:39:57][D][light:059]:   Red: 100%, Green: 0%, Blue: 100%
[17:39:57][D][light:109]:   Effect: 'listening_ww'
[17:39:59][D][voice_assistant:627]: Event Type: 99
[17:39:59][D][voice_assistant:778]: TTS stream end
[17:39:59][D][voice_assistant:375]: End of audio stream received
[17:39:59][D][voice_assistant:504]: State changed from STREAMING_RESPONSE to RESPONSE_FINISHED
[17:39:59][D][voice_assistant:510]: Desired state set to RESPONSE_FINISHED
[17:39:59][D][esp-idf:000][speaker_task]: I (3878057) I2S: DMA queue destroyed
[17:39:59][D][i2s_audio.speaker:230]: Stopped I2S Audio Speaker
[17:39:59][D][voice_assistant:407]: Speaker has finished outputting all audio
[17:39:59][D][voice_assistant:504]: State changed from RESPONSE_FINISHED to IDLE
[17:39:59][D][voice_assistant:510]: Desired state set to IDLE
[17:39:59][D][micro_wake_word:399]: Resetting buffers and probabilities
[17:39:59][D][micro_wake_word:195]: State changed from IDLE to START_MICROPHONE
[17:39:59][D][micro_wake_word:107]: Starting Microphone
[17:39:59][D][micro_wake_word:195]: State changed from START_MICROPHONE to STARTING_MICROPHONE
[17:39:59][D][esp-idf:000]: I (3878123) I2S: DMA Malloc info, datalen=blocksize=1024, dma_buf_count=4
[17:39:59][D][micro_wake_word:195]: State changed from STARTING_MICROPHONE to DETECTING_WAKE_WORD
