[16:04:58][D][micro_wake_word:162]: The 'alexa' model sliding average probability is 0.918 and most recent probability is 1.000
[16:04:58][D][micro_wake_word:123]: Wake Word 'alexa' Detected
[16:04:58][D][micro_wake_word:195]: State changed from DETECTING_WAKE_WORD to STOP_MICROPHONE
[16:04:58][D][micro_wake_word:129]: Stopping Microphone
[16:04:58][D][micro_wake_word:195]: State changed from STOP_MICROPHONE to STOPPING_MICROPHONE
[16:04:58][D][esp-idf:000]: I (290267) I2S: DMA queue destroyed
[16:04:58][D][micro_wake_word:195]: State changed from STOPPING_MICROPHONE to IDLE
[16:04:58][D][voice_assistant:504]: State changed from IDLE to START_MICROPHONE
[16:04:58][D][voice_assistant:510]: Desired state set to START_PIPELINE
[16:04:58][D][voice_assistant:221]: Starting Microphone
[16:04:58][D][voice_assistant:504]: State changed from START_MICROPHONE to STARTING_MICROPHONE
[16:04:58][D][esp-idf:000]: I (290288) I2S: DMA Malloc info, datalen=blocksize=1024, dma_buf_count=4
[16:04:58][D][voice_assistant:504]: State changed from STARTING_MICROPHONE to START_PIPELINE
[16:04:58][D][voice_assistant:275]: Requesting start...
[16:04:58][D][voice_assistant:504]: State changed from START_PIPELINE to STARTING_PIPELINE
[16:04:58][D][voice_assistant:525]: Client started, streaming microphone
[16:04:58][D][voice_assistant:504]: State changed from STARTING_PIPELINE to STREAMING_MICROPHONE
[16:04:58][D][voice_assistant:510]: Desired state set to STREAMING_MICROPHONE
[16:04:58][D][voice_assistant:627]: Event Type: 1
[16:04:58][D][voice_assistant:630]: Assist Pipeline running


[16:04:58][D][event -> on_start:342]: Got an event ON_START
[16:04:58][D][voice_assistant:627]: Event Type: 3
[16:04:58][D][voice_assistant:641]: STT started

[16:04:58][D][setting variable -> voice_assistant_phase:320]: setting voice_assistant_phase to voice_assist_listening_phase_id

[16:04:58][D][setting variable -> set_use_wake_word:329]: setting set_use_wake_word to false

[16:04:58][D][light:036]: 'led_top' Setting:
[16:04:58][D][light:051]:   Brightness: 100%
[16:04:58][D][light:059]:   Red: 100%, Green: 100%, Blue: 100%
[16:04:58][D][light:109]:   Effect: 'listening'
[16:05:00][D][voice_assistant:627]: Event Type: 11
[16:05:00][D][voice_assistant:783]: Starting STT by VAD


[16:05:00][D][event -> on_stt_vad_start:546]: Got am event ON_STT_VAD_START
[16:05:02][D][voice_assistant:627]: Event Type: 12
[16:05:02][D][voice_assistant:787]: STT by VAD end
[16:05:02][D][voice_assistant:504]: State changed from STREAMING_MICROPHONE to STOP_MICROPHONE
[16:05:02][D][voice_assistant:510]: Desired state set to AWAITING_RESPONSE
[16:05:02][D][voice_assistant:504]: State changed from STOP_MICROPHONE to STOPPING_MICROPHONE

[16:05:02][D][setting variable -> voice_assistant_phase:353]: setting voice_assistant_phase to voice_assist_thinking_phase_id

[16:05:02][D][light:036]: 'led_top' Setting:
[16:05:02][D][light:051]:   Brightness: 70%
[16:05:02][D][light:059]:   Red: 0%, Green: 20%, Blue: 100%
[16:05:02][D][light:109]:   Effect: 'processing'
[16:05:02][D][esp-idf:000]: I (294353) I2S: DMA queue destroyed
[16:05:02][D][voice_assistant:504]: State changed from STOPPING_MICROPHONE to AWAITING_RESPONSE
[16:05:02][D][voice_assistant:627]: Event Type: 4
[16:05:02][D][voice_assistant:655]: Speech recognised as: "Let's play knock knock game."

[16:05:02][D][script:077]: Script 'stt_timeout_to_idle' restarting (mode: restart)


[16:05:02][D][event -> on_stt_end:353]: Got an event ON_STT_END
[16:05:02][D][voice_assistant:627]: Event Type: 5
[16:05:02][D][voice_assistant:660]: Intent started
[16:05:03][D][voice_assistant:627]: Event Type: 6
[16:05:03][D][voice_assistant:627]: Event Type: 7
[16:05:03][D][voice_assistant:683]: Response: "Who's there?"


[16:05:03][D][event -> on_tts_start:380]: Got an event ON_TTS_START
[16:05:03][D][voice_assistant:627]: Event Type: 98
[16:05:03][D][voice_assistant:770]: TTS stream start


[16:05:03][D][event -> on_tts_stream_start:365]: Got an event ON_TTS_STREAM_START

[16:05:03][D][setting variable -> voice_assistant_phase:410]: setting voice_assistant_phase to voice_assist_replying_phase_id

[16:05:03][D][script:077]: Script 'stt_timeout_to_idle' restarting (mode: restart)

[16:05:03][D][i2s_audio.speaker:211]: Starting I2S Audio Speaker
[16:05:03][D][voice_assistant:627]: Event Type: 8
[16:05:03][D][voice_assistant:705]: Response URL: "https://house.savin.nyc/api/tts_proxy/581464f49ab2985acfc73ba93b31dd692d9405fe_en-us_fb508441d3_tts.home_assistant_cloud.wav"
[16:05:03][D][voice_assistant:504]: State changed from AWAITING_RESPONSE to STREAMING_RESPONSE
[16:05:03][D][voice_assistant:510]: Desired state set to STREAMING_RESPONSE
[16:05:03][D][i2s_audio.speaker:214]: Started I2S Audio Speaker


[16:05:03][D][event -> on_tts_end:385]: Got an event ON_TTS_END
[16:05:03][D][voice_assistant:627]: Event Type: 2
[16:05:03][D][voice_assistant:719]: Assist Pipeline ended
[16:05:03][D][light:036]: 'led_top' Setting:
[16:05:03][D][light:051]:   Brightness: 60%
[16:05:03][D][light:059]:   Red: 100%, Green: 0%, Blue: 100%
[16:05:03][D][light:109]:   Effect: 'listening_ww'
[16:05:03][D][switch:012]: 'Continued conversation' Turning ON.
[16:05:03][D][esp-idf:000][speaker_task]: I (295343) I2S: DMA queue destroyed
[16:05:03][D][i2s_audio.speaker:230]: Stopped I2S Audio Speaker
[16:05:04][D][esp-idf:000][speaker_task]: I (295971) I2S: DMA Malloc info, datalen=blocksize=512, dma_buf_count=8
[16:05:04][D][i2s_audio.speaker:214]: Started I2S Audio Speaker
[16:05:05][D][esp32.preferences:114]: Saving 1 preferences to flash...
[16:05:05][D][esp32.preferences:143]: Saving 1 preferences to flash: 1 cached, 0 written, 0 failed
[16:05:05][D][voice_assistant:627]: Event Type: 99
[16:05:05][D][voice_assistant:778]: TTS stream end
[16:05:05][D][voice_assistant:375]: End of audio stream received
[16:05:05][D][voice_assistant:504]: State changed from STREAMING_RESPONSE to RESPONSE_FINISHED
[16:05:05][D][voice_assistant:510]: Desired state set to RESPONSE_FINISHED
[16:05:06][D][esp-idf:000][speaker_task]: I (297732) I2S: DMA queue destroyed
[16:05:06][D][i2s_audio.speaker:230]: Stopped I2S Audio Speaker
[16:05:06][D][voice_assistant:407]: Speaker has finished outputting all audio


[16:05:06][D][event -> on_tts_stream_end:421]: Got an event ON_TTS_STREAM_END

[16:05:06][D][setting variable -> voice_assistant_phase:431]: setting voice_assistant_phase to voice_assist_listening_phase_id

[16:05:06][D][script:077]: Script 'stt_timeout_to_idle' restarting (mode: restart)

[16:05:06][D][voice_assistant:504]: State changed from RESPONSE_FINISHED to IDLE
[16:05:06][D][voice_assistant:510]: Desired state set to IDLE
[16:05:06][D][voice_assistant:504]: State changed from IDLE to START_MICROPHONE
[16:05:06][D][voice_assistant:510]: Desired state set to START_PIPELINE
[16:05:06][D][voice_assistant:221]: Starting Microphone
[16:05:06][D][voice_assistant:504]: State changed from START_MICROPHONE to STARTING_MICROPHONE
[16:05:06][D][esp-idf:000]: I (297772) I2S: DMA Malloc info, datalen=blocksize=1024, dma_buf_count=4
[16:05:06][D][voice_assistant:504]: State changed from STARTING_MICROPHONE to START_PIPELINE
[16:05:06][D][voice_assistant:275]: Requesting start...
[16:05:06][D][voice_assistant:504]: State changed from START_PIPELINE to STARTING_PIPELINE
[16:05:06][D][voice_assistant:525]: Client started, streaming microphone
[16:05:06][D][voice_assistant:504]: State changed from STARTING_PIPELINE to STREAMING_MICROPHONE
[16:05:06][D][voice_assistant:510]: Desired state set to STREAMING_MICROPHONE
[16:05:06][D][voice_assistant:627]: Event Type: 1
[16:05:06][D][voice_assistant:630]: Assist Pipeline running


[16:05:06][D][event -> on_start:342]: Got an event ON_START
[16:05:06][D][voice_assistant:627]: Event Type: 3
[16:05:06][D][voice_assistant:641]: STT started

[16:05:06][D][setting variable -> voice_assistant_phase:320]: setting voice_assistant_phase to voice_assist_listening_phase_id

[16:05:06][D][script:077]: Script 'stt_timeout_to_idle' restarting (mode: restart)

[16:05:06][D][setting variable -> set_use_wake_word:329]: setting set_use_wake_word to false

[16:05:06][D][light:036]: 'led_top' Setting:
[16:05:06][D][light:051]:   Brightness: 100%
[16:05:06][D][light:059]:   Red: 100%, Green: 100%, Blue: 100%
[16:05:06][D][light:109]:   Effect: 'listening'
[16:05:07][D][voice_assistant:627]: Event Type: 11
[16:05:07][D][voice_assistant:783]: Starting STT by VAD


[16:05:07][D][event -> on_stt_vad_start:546]: Got am event ON_STT_VAD_START
[16:05:08][D][voice_assistant:627]: Event Type: 12
[16:05:08][D][voice_assistant:787]: STT by VAD end
[16:05:08][D][voice_assistant:504]: State changed from STREAMING_MICROPHONE to STOP_MICROPHONE
[16:05:08][D][voice_assistant:510]: Desired state set to AWAITING_RESPONSE
[16:05:08][D][voice_assistant:504]: State changed from STOP_MICROPHONE to STOPPING_MICROPHONE

[16:05:08][D][setting variable -> voice_assistant_phase:353]: setting voice_assistant_phase to voice_assist_thinking_phase_id

[16:05:08][D][light:036]: 'led_top' Setting:
[16:05:08][D][light:051]:   Brightness: 70%
[16:05:08][D][light:059]:   Red: 0%, Green: 20%, Blue: 100%
[16:05:08][D][light:109]:   Effect: 'processing'
[16:05:08][D][esp-idf:000]: I (300394) I2S: DMA queue destroyed
[16:05:08][D][voice_assistant:504]: State changed from STOPPING_MICROPHONE to AWAITING_RESPONSE
[16:05:09][D][voice_assistant:627]: Event Type: 4
[16:05:09][D][voice_assistant:655]: Speech recognised as: "It's Alex."

[16:05:09][D][script:077]: Script 'stt_timeout_to_idle' restarting (mode: restart)


[16:05:09][D][event -> on_stt_end:353]: Got an event ON_STT_END
[16:05:09][D][voice_assistant:627]: Event Type: 5
[16:05:09][D][voice_assistant:660]: Intent started
[16:05:09][D][voice_assistant:627]: Event Type: 6
[16:05:09][D][voice_assistant:627]: Event Type: 7
[16:05:09][D][voice_assistant:683]: Response: "Alex who?"


[16:05:09][D][event -> on_tts_start:380]: Got an event ON_TTS_START
[16:05:09][D][voice_assistant:627]: Event Type: 98
[16:05:09][D][voice_assistant:770]: TTS stream start


[16:05:09][D][event -> on_tts_stream_start:365]: Got an event ON_TTS_STREAM_START

[16:05:09][D][setting variable -> voice_assistant_phase:410]: setting voice_assistant_phase to voice_assist_replying_phase_id

[16:05:09][D][script:077]: Script 'stt_timeout_to_idle' restarting (mode: restart)

[16:05:09][D][voice_assistant:627]: Event Type: 8
[16:05:09][D][voice_assistant:705]: Response URL: "https://house.savin.nyc/api/tts_proxy/ac5b78b84d857822f7707e669ddf5cfbdaa8769e_en-us_fb508441d3_tts.home_assistant_cloud.wav"
[16:05:09][D][voice_assistant:504]: State changed from AWAITING_RESPONSE to STREAMING_RESPONSE
[16:05:09][D][voice_assistant:510]: Desired state set to STREAMING_RESPONSE
[16:05:09][D][i2s_audio.speaker:211]: Starting I2S Audio Speaker


[16:05:09][D][event -> on_tts_end:385]: Got an event ON_TTS_END
[16:05:09][D][voice_assistant:627]: Event Type: 2
[16:05:09][D][voice_assistant:719]: Assist Pipeline ended
[16:05:09][D][i2s_audio.speaker:214]: Started I2S Audio Speaker
[16:05:09][D][light:036]: 'led_top' Setting:
[16:05:09][D][light:051]:   Brightness: 60%
[16:05:09][D][light:059]:   Red: 100%, Green: 0%, Blue: 100%
[16:05:09][D][light:109]:   Effect: 'listening_ww'
[16:05:09][D][switch:012]: 'Continued conversation' Turning ON.
[16:05:11][D][voice_assistant:627]: Event Type: 99
[16:05:11][D][voice_assistant:778]: TTS stream end
[16:05:11][D][voice_assistant:375]: End of audio stream received
[16:05:11][D][voice_assistant:504]: State changed from STREAMING_RESPONSE to RESPONSE_FINISHED
[16:05:11][D][voice_assistant:510]: Desired state set to RESPONSE_FINISHED
[16:05:11][D][i2s_audio.speaker:218]: Stopping I2S Audio Speaker
[16:05:11][D][i2s_audio.speaker:230]: Stopped I2S Audio Speaker
[16:05:11][D][voice_assistant:407]: Speaker has finished outputting all audio


[16:05:11][D][event -> on_tts_stream_end:421]: Got an event ON_TTS_STREAM_END

[16:05:11][D][setting variable -> voice_assistant_phase:431]: setting voice_assistant_phase to voice_assist_listening_phase_id

[16:05:11][D][script:077]: Script 'stt_timeout_to_idle' restarting (mode: restart)

[16:05:11][D][voice_assistant:504]: State changed from RESPONSE_FINISHED to IDLE
[16:05:11][D][voice_assistant:510]: Desired state set to IDLE
[16:05:11][D][voice_assistant:504]: State changed from IDLE to START_MICROPHONE
[16:05:11][D][voice_assistant:510]: Desired state set to START_PIPELINE
[16:05:11][D][voice_assistant:221]: Starting Microphone
[16:05:11][D][voice_assistant:504]: State changed from START_MICROPHONE to STARTING_MICROPHONE
[16:05:11][D][esp-idf:000]: I (303023) I2S: DMA Malloc info, datalen=blocksize=1024, dma_buf_count=4
[16:05:11][D][voice_assistant:504]: State changed from STARTING_MICROPHONE to START_PIPELINE
[16:05:11][D][voice_assistant:275]: Requesting start...
[16:05:11][D][voice_assistant:504]: State changed from START_PIPELINE to STARTING_PIPELINE
[16:05:11][D][voice_assistant:525]: Client started, streaming microphone
[16:05:11][D][voice_assistant:504]: State changed from STARTING_PIPELINE to STREAMING_MICROPHONE
[16:05:11][D][voice_assistant:510]: Desired state set to STREAMING_MICROPHONE
[16:05:11][D][voice_assistant:627]: Event Type: 1
[16:05:11][D][voice_assistant:630]: Assist Pipeline running


[16:05:11][D][event -> on_start:342]: Got an event ON_START
[16:05:11][D][voice_assistant:627]: Event Type: 3
[16:05:11][D][voice_assistant:641]: STT started

[16:05:11][D][setting variable -> voice_assistant_phase:320]: setting voice_assistant_phase to voice_assist_listening_phase_id

[16:05:11][D][script:077]: Script 'stt_timeout_to_idle' restarting (mode: restart)

[16:05:11][D][setting variable -> set_use_wake_word:329]: setting set_use_wake_word to false

[16:05:11][D][light:036]: 'led_top' Setting:
[16:05:11][D][light:051]:   Brightness: 100%
[16:05:11][D][light:059]:   Red: 100%, Green: 100%, Blue: 100%
[16:05:11][D][light:109]:   Effect: 'listening'
[16:05:12][D][voice_assistant:627]: Event Type: 11
[16:05:12][D][voice_assistant:783]: Starting STT by VAD


[16:05:12][D][event -> on_stt_vad_start:546]: Got am event ON_STT_VAD_START
[16:05:14][D][voice_assistant:627]: Event Type: 12
[16:05:14][D][voice_assistant:787]: STT by VAD end
[16:05:14][D][voice_assistant:504]: State changed from STREAMING_MICROPHONE to STOP_MICROPHONE
[16:05:14][D][voice_assistant:510]: Desired state set to AWAITING_RESPONSE
[16:05:14][D][voice_assistant:504]: State changed from STOP_MICROPHONE to STOPPING_MICROPHONE

[16:05:14][D][setting variable -> voice_assistant_phase:353]: setting voice_assistant_phase to voice_assist_thinking_phase_id

[16:05:14][D][light:036]: 'led_top' Setting:
[16:05:14][D][light:051]:   Brightness: 70%
[16:05:14][D][light:059]:   Red: 0%, Green: 20%, Blue: 100%
[16:05:14][D][light:109]:   Effect: 'processing'
[16:05:14][D][esp-idf:000]: I (305712) I2S: DMA queue destroyed
[16:05:14][D][voice_assistant:504]: State changed from STOPPING_MICROPHONE to AWAITING_RESPONSE
[16:05:14][D][voice_assistant:627]: Event Type: 4
[16:05:14][D][voice_assistant:655]: Speech recognised as: "Alex, Me."

[16:05:14][D][script:077]: Script 'stt_timeout_to_idle' restarting (mode: restart)


[16:05:14][D][event -> on_stt_end:353]: Got an event ON_STT_END
[16:05:14][D][voice_assistant:627]: Event Type: 5
[16:05:14][D][voice_assistant:660]: Intent started
[16:05:15][D][voice_assistant:627]: Event Type: 6
[16:05:15][D][voice_assistant:627]: Event Type: 7
[16:05:15][D][voice_assistant:683]: Response: "Alex, me who?"


[16:05:15][D][event -> on_tts_start:380]: Got an event ON_TTS_START
[16:05:15][D][voice_assistant:627]: Event Type: 98
[16:05:15][D][voice_assistant:770]: TTS stream start


[16:05:15][D][event -> on_tts_stream_start:365]: Got an event ON_TTS_STREAM_START

[16:05:15][D][setting variable -> voice_assistant_phase:410]: setting voice_assistant_phase to voice_assist_replying_phase_id

[16:05:15][D][script:077]: Script 'stt_timeout_to_idle' restarting (mode: restart)

[16:05:15][D][voice_assistant:627]: Event Type: 8
[16:05:15][D][voice_assistant:705]: Response URL: "https://house.savin.nyc/api/tts_proxy/b5bfa4e20c785fa70c43f87d63ce4292a6e9a562_en-us_fb508441d3_tts.home_assistant_cloud.wav"
[16:05:15][D][voice_assistant:504]: State changed from AWAITING_RESPONSE to STREAMING_RESPONSE
[16:05:15][D][voice_assistant:510]: Desired state set to STREAMING_RESPONSE
[16:05:15][D][i2s_audio.speaker:211]: Starting I2S Audio Speaker


[16:05:15][D][event -> on_tts_end:385]: Got an event ON_TTS_END
[16:05:15][D][voice_assistant:627]: Event Type: 2
[16:05:15][D][voice_assistant:719]: Assist Pipeline ended
[16:05:15][D][i2s_audio.speaker:214]: Started I2S Audio Speaker
[16:05:15][D][light:036]: 'led_top' Setting:
[16:05:15][D][light:051]:   Brightness: 60%
[16:05:15][D][light:059]:   Red: 100%, Green: 0%, Blue: 100%
[16:05:15][D][light:109]:   Effect: 'listening_ww'
[16:05:15][D][switch:012]: 'Continued conversation' Turning ON.
[16:05:15][D][esp-idf:000][speaker_task]: I (306613) I2S: DMA queue destroyed
[16:05:15][D][i2s_audio.speaker:230]: Stopped I2S Audio Speaker
[16:05:15][D][esp-idf:000][speaker_task]: I (306625) I2S: DMA Malloc info, datalen=blocksize=512, dma_buf_count=8
[16:05:15][D][i2s_audio.speaker:214]: Started I2S Audio Speaker
[16:05:16][D][voice_assistant:627]: Event Type: 99
[16:05:16][D][voice_assistant:778]: TTS stream end
[16:05:16][D][voice_assistant:375]: End of audio stream received
[16:05:16][D][voice_assistant:504]: State changed from STREAMING_RESPONSE to RESPONSE_FINISHED
[16:05:16][D][voice_assistant:510]: Desired state set to RESPONSE_FINISHED
[16:05:17][D][i2s_audio.speaker:218]: Stopping I2S Audio Speaker
[16:05:17][D][i2s_audio.speaker:230]: Stopped I2S Audio Speaker
[16:05:17][D][voice_assistant:407]: Speaker has finished outputting all audio


[16:05:17][D][event -> on_tts_stream_end:421]: Got an event ON_TTS_STREAM_END

[16:05:17][D][setting variable -> voice_assistant_phase:431]: setting voice_assistant_phase to voice_assist_listening_phase_id

[16:05:17][D][script:077]: Script 'stt_timeout_to_idle' restarting (mode: restart)

[16:05:17][D][voice_assistant:504]: State changed from RESPONSE_FINISHED to IDLE
[16:05:17][D][voice_assistant:510]: Desired state set to IDLE
[16:05:17][D][voice_assistant:504]: State changed from IDLE to START_MICROPHONE
[16:05:17][D][voice_assistant:510]: Desired state set to START_PIPELINE
[16:05:17][D][voice_assistant:221]: Starting Microphone
[16:05:17][D][voice_assistant:504]: State changed from START_MICROPHONE to STARTING_MICROPHONE
[16:05:17][D][esp-idf:000]: I (308714) I2S: DMA Malloc info, datalen=blocksize=1024, dma_buf_count=4
[16:05:17][D][voice_assistant:504]: State changed from STARTING_MICROPHONE to START_PIPELINE
[16:05:17][D][voice_assistant:275]: Requesting start...
[16:05:17][D][voice_assistant:504]: State changed from START_PIPELINE to STARTING_PIPELINE
[16:05:17][D][voice_assistant:525]: Client started, streaming microphone
[16:05:17][D][voice_assistant:504]: State changed from STARTING_PIPELINE to STREAMING_MICROPHONE
[16:05:17][D][voice_assistant:510]: Desired state set to STREAMING_MICROPHONE
[16:05:17][D][voice_assistant:627]: Event Type: 1
[16:05:17][D][voice_assistant:630]: Assist Pipeline running


[16:05:17][D][event -> on_start:342]: Got an event ON_START
[16:05:17][D][voice_assistant:627]: Event Type: 3
[16:05:17][D][voice_assistant:641]: STT started

[16:05:17][D][setting variable -> voice_assistant_phase:320]: setting voice_assistant_phase to voice_assist_listening_phase_id

[16:05:17][D][script:077]: Script 'stt_timeout_to_idle' restarting (mode: restart)

[16:05:17][D][setting variable -> set_use_wake_word:329]: setting set_use_wake_word to false

[16:05:17][D][light:036]: 'led_top' Setting:
[16:05:17][D][light:051]:   Brightness: 100%
[16:05:17][D][light:059]:   Red: 100%, Green: 100%, Blue: 100%
[16:05:17][D][light:109]:   Effect: 'listening'
[16:05:19][D][voice_assistant:627]: Event Type: 11
[16:05:19][D][voice_assistant:783]: Starting STT by VAD


[16:05:19][D][event -> on_stt_vad_start:546]: Got am event ON_STT_VAD_START
[16:05:21][D][voice_assistant:627]: Event Type: 12
[16:05:21][D][voice_assistant:787]: STT by VAD end
[16:05:21][D][voice_assistant:504]: State changed from STREAMING_MICROPHONE to STOP_MICROPHONE
[16:05:21][D][voice_assistant:510]: Desired state set to AWAITING_RESPONSE
[16:05:21][D][voice_assistant:504]: State changed from STOP_MICROPHONE to STOPPING_MICROPHONE

[16:05:21][D][setting variable -> voice_assistant_phase:353]: setting voice_assistant_phase to voice_assist_thinking_phase_id

[16:05:21][D][light:036]: 'led_top' Setting:
[16:05:21][D][light:051]:   Brightness: 70%
[16:05:21][D][light:059]:   Red: 0%, Green: 20%, Blue: 100%
[16:05:21][D][light:109]:   Effect: 'processing'
[16:05:21][D][esp-idf:000]: I (313079) I2S: DMA queue destroyed
[16:05:21][D][voice_assistant:504]: State changed from STOPPING_MICROPHONE to AWAITING_RESPONSE
[16:05:21][D][voice_assistant:627]: Event Type: 4
[16:05:21][D][voice_assistant:655]: Speech recognised as: "Miguel is Alex."

[16:05:21][D][script:077]: Script 'stt_timeout_to_idle' restarting (mode: restart)


[16:05:21][D][event -> on_stt_end:353]: Got an event ON_STT_END
[16:05:21][D][voice_assistant:627]: Event Type: 5
[16:05:21][D][voice_assistant:660]: Intent started
[16:05:22][D][voice_assistant:627]: Event Type: 6
[16:05:22][D][voice_assistant:627]: Event Type: 7
[16:05:22][D][voice_assistant:683]: Response: "Miguel is Alex who?"


[16:05:22][D][event -> on_tts_start:380]: Got an event ON_TTS_START
[16:05:22][D][voice_assistant:627]: Event Type: 98
[16:05:22][D][voice_assistant:770]: TTS stream start


[16:05:22][D][event -> on_tts_stream_start:365]: Got an event ON_TTS_STREAM_START

[16:05:22][D][setting variable -> voice_assistant_phase:410]: setting voice_assistant_phase to voice_assist_replying_phase_id

[16:05:22][D][script:077]: Script 'stt_timeout_to_idle' restarting (mode: restart)

[16:05:22][D][voice_assistant:627]: Event Type: 8
[16:05:22][D][voice_assistant:705]: Response URL: "https://house.savin.nyc/api/tts_proxy/d293df321347426090872d1097510465dada3737_en-us_fb508441d3_tts.home_assistant_cloud.wav"
[16:05:22][D][voice_assistant:504]: State changed from AWAITING_RESPONSE to STREAMING_RESPONSE
[16:05:22][D][voice_assistant:510]: Desired state set to STREAMING_RESPONSE
[16:05:22][D][i2s_audio.speaker:211]: Starting I2S Audio Speaker


[16:05:22][D][event -> on_tts_end:385]: Got an event ON_TTS_END
[16:05:22][D][voice_assistant:627]: Event Type: 2
[16:05:22][D][voice_assistant:719]: Assist Pipeline ended
[16:05:22][D][i2s_audio.speaker:214]: Started I2S Audio Speaker
[16:05:22][D][light:036]: 'led_top' Setting:
[16:05:22][D][light:051]:   Brightness: 60%
[16:05:22][D][light:059]:   Red: 100%, Green: 0%, Blue: 100%
[16:05:22][D][light:109]:   Effect: 'listening_ww'
[16:05:22][D][switch:012]: 'Continued conversation' Turning ON.
[16:05:22][D][esp-idf:000][speaker_task]: I (313883) I2S: DMA queue destroyed
[16:05:22][D][i2s_audio.speaker:230]: Stopped I2S Audio Speaker
[16:05:22][D][esp-idf:000][speaker_task]: I (314075) I2S: DMA Malloc info, datalen=blocksize=512, dma_buf_count=8
[16:05:22][D][i2s_audio.speaker:214]: Started I2S Audio Speaker
[16:05:24][D][voice_assistant:627]: Event Type: 99
[16:05:24][D][voice_assistant:778]: TTS stream end
[16:05:24][D][voice_assistant:375]: End of audio stream received
[16:05:24][D][voice_assistant:504]: State changed from STREAMING_RESPONSE to RESPONSE_FINISHED
[16:05:24][D][voice_assistant:510]: Desired state set to RESPONSE_FINISHED
[16:05:25][D][esp-idf:000][speaker_task]: I (316507) I2S: DMA queue destroyed
[16:05:25][D][i2s_audio.speaker:230]: Stopped I2S Audio Speaker
[16:05:25][D][voice_assistant:407]: Speaker has finished outputting all audio


[16:05:25][D][event -> on_tts_stream_end:421]: Got an event ON_TTS_STREAM_END

[16:05:25][D][setting variable -> voice_assistant_phase:431]: setting voice_assistant_phase to voice_assist_listening_phase_id

[16:05:25][D][script:077]: Script 'stt_timeout_to_idle' restarting (mode: restart)

[16:05:25][D][voice_assistant:504]: State changed from RESPONSE_FINISHED to IDLE
[16:05:25][D][voice_assistant:510]: Desired state set to IDLE
[16:05:25][D][voice_assistant:504]: State changed from IDLE to START_MICROPHONE
[16:05:25][D][voice_assistant:510]: Desired state set to START_PIPELINE
[16:05:25][D][voice_assistant:221]: Starting Microphone
[16:05:25][D][voice_assistant:504]: State changed from START_MICROPHONE to STARTING_MICROPHONE
[16:05:25][D][esp-idf:000]: I (316547) I2S: DMA Malloc info, datalen=blocksize=1024, dma_buf_count=4
[16:05:25][D][voice_assistant:504]: State changed from STARTING_MICROPHONE to START_PIPELINE
[16:05:25][D][voice_assistant:275]: Requesting start...
[16:05:25][D][voice_assistant:504]: State changed from START_PIPELINE to STARTING_PIPELINE
[16:05:25][D][voice_assistant:525]: Client started, streaming microphone
[16:05:25][D][voice_assistant:504]: State changed from STARTING_PIPELINE to STREAMING_MICROPHONE
[16:05:25][D][voice_assistant:510]: Desired state set to STREAMING_MICROPHONE
[16:05:25][D][voice_assistant:627]: Event Type: 1
[16:05:25][D][voice_assistant:630]: Assist Pipeline running


[16:05:25][D][event -> on_start:342]: Got an event ON_START
[16:05:25][D][voice_assistant:627]: Event Type: 3
[16:05:25][D][voice_assistant:641]: STT started

[16:05:25][D][setting variable -> voice_assistant_phase:320]: setting voice_assistant_phase to voice_assist_listening_phase_id

[16:05:25][D][script:077]: Script 'stt_timeout_to_idle' restarting (mode: restart)

[16:05:25][D][setting variable -> set_use_wake_word:329]: setting set_use_wake_word to false

[16:05:25][D][light:036]: 'led_top' Setting:
[16:05:25][D][light:051]:   Brightness: 100%
[16:05:25][D][light:059]:   Red: 100%, Green: 100%, Blue: 100%
[16:05:25][D][light:109]:   Effect: 'listening'
[16:05:26][D][voice_assistant:627]: Event Type: 11
[16:05:26][D][voice_assistant:783]: Starting STT by VAD


[16:05:26][D][event -> on_stt_vad_start:546]: Got am event ON_STT_VAD_START
[16:05:29][D][voice_assistant:627]: Event Type: 12
[16:05:29][D][voice_assistant:787]: STT by VAD end
[16:05:29][D][voice_assistant:504]: State changed from STREAMING_MICROPHONE to STOP_MICROPHONE
[16:05:29][D][voice_assistant:510]: Desired state set to AWAITING_RESPONSE
[16:05:29][D][voice_assistant:504]: State changed from STOP_MICROPHONE to STOPPING_MICROPHONE

[16:05:29][D][setting variable -> voice_assistant_phase:353]: setting voice_assistant_phase to voice_assist_thinking_phase_id

[16:05:29][D][light:036]: 'led_top' Setting:
[16:05:29][D][light:051]:   Brightness: 70%
[16:05:29][D][light:059]:   Red: 0%, Green: 20%, Blue: 100%
[16:05:29][D][light:109]:   Effect: 'processing'
[16:05:29][D][esp-idf:000]: I (320978) I2S: DMA queue destroyed

[16:05:29][D][voice_assistant:504]: State changed from STOPPING_MICROPHONE to AWAITING_RESPONSE
[16:05:29][D][voice_assistant:627]: Event Type: 4
[16:05:29][D][voice_assistant:655]: Speech recognised as: "OK. I'm just Alex, nice to meet you."

[16:05:29][D][script:077]: Script 'stt_timeout_to_idle' restarting (mode: restart)


[16:05:29][D][event -> on_stt_end:353]: Got an event ON_STT_END
[16:05:29][D][voice_assistant:627]: Event Type: 5
[16:05:29][D][voice_assistant:660]: Intent started
[16:05:30][D][voice_assistant:627]: Event Type: 6
[16:05:30][D][voice_assistant:627]: Event Type: 7
[16:05:30][D][voice_assistant:683]: Response: "Nice to meet you, Alex! How can I assist you today?"


[16:05:30][D][event -> on_tts_start:380]: Got an event ON_TTS_START
[16:05:30][D][voice_assistant:627]: Event Type: 98
[16:05:30][D][voice_assistant:770]: TTS stream start


[16:05:30][D][event -> on_tts_stream_start:365]: Got an event ON_TTS_STREAM_START

[16:05:30][D][setting variable -> voice_assistant_phase:410]: setting voice_assistant_phase to voice_assist_replying_phase_id

[16:05:30][D][script:077]: Script 'stt_timeout_to_idle' restarting (mode: restart)

[16:05:30][D][voice_assistant:627]: Event Type: 8
[16:05:30][D][voice_assistant:705]: Response URL: "https://house.savin.nyc/api/tts_proxy/8a056c192943750ecf0df859317d037e88f3765f_en-us_fb508441d3_tts.home_assistant_cloud.wav"
[16:05:30][D][voice_assistant:504]: State changed from AWAITING_RESPONSE to STREAMING_RESPONSE
[16:05:30][D][voice_assistant:510]: Desired state set to STREAMING_RESPONSE
[16:05:30][D][i2s_audio.speaker:211]: Starting I2S Audio Speaker


[16:05:30][D][event -> on_tts_end:385]: Got an event ON_TTS_END
[16:05:30][D][voice_assistant:627]: Event Type: 2
[16:05:30][D][voice_assistant:719]: Assist Pipeline ended
[16:05:30][D][i2s_audio.speaker:214]: Started I2S Audio Speaker
[16:05:30][D][light:036]: 'led_top' Setting:
[16:05:30][D][light:051]:   Brightness: 60%
[16:05:30][D][light:059]:   Red: 100%, Green: 0%, Blue: 100%
[16:05:30][D][light:109]:   Effect: 'listening_ww'
[16:05:30][D][switch:012]: 'Continued conversation' Turning ON.
[16:05:30][D][esp-idf:000][speaker_task]: I (321881) I2S: DMA queue destroyed
[16:05:30][D][i2s_audio.speaker:230]: Stopped I2S Audio Speaker
[16:05:30][D][esp-idf:000][speaker_task]: I (322065) I2S: DMA Malloc info, datalen=blocksize=512, dma_buf_count=8

[16:05:30][D][i2s_audio.speaker:214]: Started I2S Audio Speaker
[16:05:35][D][voice_assistant:627]: Event Type: 99
[16:05:35][D][voice_assistant:778]: TTS stream end
[16:05:35][D][voice_assistant:375]: End of audio stream received
[16:05:35][D][voice_assistant:504]: State changed from STREAMING_RESPONSE to RESPONSE_FINISHED
[16:05:35][D][voice_assistant:510]: Desired state set to RESPONSE_FINISHED
[16:05:35][D][esp-idf:000][speaker_task]: I (327041) I2S: DMA queue destroyed
[16:05:35][D][i2s_audio.speaker:230]: Stopped I2S Audio Speaker
[16:05:35][D][voice_assistant:407]: Speaker has finished outputting all audio


[16:05:35][D][event -> on_tts_stream_end:421]: Got an event ON_TTS_STREAM_END

[16:05:35][D][setting variable -> voice_assistant_phase:431]: setting voice_assistant_phase to voice_assist_listening_phase_id

[16:05:35][D][script:077]: Script 'stt_timeout_to_idle' restarting (mode: restart)

[16:05:35][D][voice_assistant:504]: State changed from RESPONSE_FINISHED to IDLE
[16:05:35][D][voice_assistant:510]: Desired state set to IDLE
[16:05:35][D][voice_assistant:504]: State changed from IDLE to START_MICROPHONE
[16:05:35][D][voice_assistant:510]: Desired state set to START_PIPELINE
[16:05:35][D][voice_assistant:221]: Starting Microphone
[16:05:35][D][voice_assistant:504]: State changed from START_MICROPHONE to STARTING_MICROPHONE
[16:05:35][D][esp-idf:000]: I (327080) I2S: DMA Malloc info, datalen=blocksize=1024, dma_buf_count=4
[16:05:35][D][voice_assistant:504]: State changed from STARTING_MICROPHONE to START_PIPELINE
[16:05:35][D][voice_assistant:275]: Requesting start...
[16:05:35][D][voice_assistant:504]: State changed from START_PIPELINE to STARTING_PIPELINE
[16:05:35][D][voice_assistant:525]: Client started, streaming microphone
[16:05:35][D][voice_assistant:504]: State changed from STARTING_PIPELINE to STREAMING_MICROPHONE
[16:05:35][D][voice_assistant:510]: Desired state set to STREAMING_MICROPHONE
[16:05:35][D][voice_assistant:627]: Event Type: 1
[16:05:35][D][voice_assistant:630]: Assist Pipeline running


[16:05:35][D][event -> on_start:342]: Got an event ON_START
[16:05:35][D][voice_assistant:627]: Event Type: 3
[16:05:35][D][voice_assistant:641]: STT started

[16:05:35][D][setting variable -> voice_assistant_phase:320]: setting voice_assistant_phase to voice_assist_listening_phase_id

[16:05:35][D][script:077]: Script 'stt_timeout_to_idle' restarting (mode: restart)

[16:05:35][D][setting variable -> set_use_wake_word:329]: setting set_use_wake_word to false

[16:05:35][D][light:036]: 'led_top' Setting:
[16:05:35][D][light:051]:   Brightness: 100%
[16:05:35][D][light:059]:   Red: 100%, Green: 100%, Blue: 100%
[16:05:35][D][light:109]:   Effect: 'listening'
[16:05:38][D][voice_assistant:627]: Event Type: 11
[16:05:38][D][voice_assistant:783]: Starting STT by VAD


[16:05:38][D][event -> on_stt_vad_start:546]: Got am event ON_STT_VAD_START
[16:05:39][D][voice_assistant:627]: Event Type: 12
[16:05:39][D][voice_assistant:787]: STT by VAD end
[16:05:39][D][voice_assistant:504]: State changed from STREAMING_MICROPHONE to STOP_MICROPHONE
[16:05:39][D][voice_assistant:510]: Desired state set to AWAITING_RESPONSE
[16:05:39][D][voice_assistant:504]: State changed from STOP_MICROPHONE to STOPPING_MICROPHONE

[16:05:39][D][setting variable -> voice_assistant_phase:353]: setting voice_assistant_phase to voice_assist_thinking_phase_id
[16:05:39][D][light:036]: 'led_top' Setting:
[16:05:39][D][light:051]:   Brightness: 70%
[16:05:39][D][light:059]:   Red: 0%, Green: 20%, Blue: 100%
[16:05:39][D][light:109]:   Effect: 'processing'
[16:05:39][D][esp-idf:000]: I (331204) I2S: DMA queue destroyed
[16:05:39][D][voice_assistant:504]: State changed from STOPPING_MICROPHONE to AWAITING_RESPONSE
[16:05:39][D][voice_assistant:627]: Event Type: 4
[16:05:39][D][voice_assistant:655]: Speech recognised as: "There's nothing. Thank you."

[16:05:39][D][script:077]: Script 'stt_timeout_to_idle' restarting (mode: restart)


[16:05:39][D][event -> on_stt_end:353]: Got an event ON_STT_END
[16:05:39][D][voice_assistant:627]: Event Type: 5
[16:05:39][D][voice_assistant:660]: Intent started
[16:05:40][D][voice_assistant:627]: Event Type: 6
[16:05:40][D][voice_assistant:627]: Event Type: 7
[16:05:40][D][voice_assistant:683]: Response: "Ok, bye."

[16:05:40][D][setting variable -> set_use_wake_word:808]: setting set_use_wake_word to false


[16:05:40][D][event -> on_tts_start:380]: Got an event ON_TTS_START
[16:05:40][D][voice_assistant:627]: Event Type: 98
[16:05:40][D][voice_assistant:770]: TTS stream start


[16:05:40][D][event -> on_tts_stream_start:365]: Got an event ON_TTS_STREAM_START

[16:05:40][D][setting variable -> voice_assistant_phase:410]: setting voice_assistant_phase to voice_assist_replying_phase_id

[16:05:40][D][voice_assistant:627]: Event Type: 8
[16:05:40][D][voice_assistant:705]: Response URL: "https://house.savin.nyc/api/tts_proxy/6b9530280b05d13c3efc0524ef7b52a9ef12caf1_en-us_fb508441d3_tts.home_assistant_cloud.wav"
[16:05:40][D][voice_assistant:504]: State changed from AWAITING_RESPONSE to STREAMING_RESPONSE
[16:05:40][D][voice_assistant:510]: Desired state set to STREAMING_RESPONSE
[16:05:40][D][i2s_audio.speaker:211]: Starting I2S Audio Speaker


[16:05:40][D][event -> on_tts_end:385]: Got an event ON_TTS_END
[16:05:40][D][voice_assistant:627]: Event Type: 2
[16:05:40][D][voice_assistant:719]: Assist Pipeline ended
[16:05:40][D][i2s_audio.speaker:214]: Started I2S Audio Speaker
[16:05:40][D][light:036]: 'led_top' Setting:
[16:05:40][D][light:051]:   Brightness: 60%
[16:05:40][D][light:059]:   Red: 100%, Green: 0%, Blue: 100%
[16:05:40][D][light:109]:   Effect: 'listening_ww'
[16:05:42][D][voice_assistant:627]: Event Type: 99
[16:05:42][D][voice_assistant:778]: TTS stream end
[16:05:42][D][voice_assistant:375]: End of audio stream received
[16:05:42][D][voice_assistant:504]: State changed from STREAMING_RESPONSE to RESPONSE_FINISHED
[16:05:42][D][voice_assistant:510]: Desired state set to RESPONSE_FINISHED
[16:05:42][D][i2s_audio.speaker:218]: Stopping I2S Audio Speaker
[16:05:42][D][i2s_audio.speaker:230]: Stopped I2S Audio Speaker
[16:05:42][D][voice_assistant:407]: Speaker has finished outputting all audio


[16:05:42][D][event -> on_tts_stream_end:421]: Got an event ON_TTS_STREAM_END

[16:05:42][D][setting variable -> voice_assistant_phase:431]: setting voice_assistant_phase to voice_assist_listening_phase_id

[16:05:42][D][script:077]: Script 'stt_timeout_to_idle' restarting (mode: restart)

[16:05:42][D][voice_assistant:504]: State changed from RESPONSE_FINISHED to IDLE
[16:05:42][D][voice_assistant:510]: Desired state set to IDLE
[16:05:42][D][micro_wake_word:399]: Resetting buffers and probabilities
[16:05:42][D][micro_wake_word:195]: State changed from IDLE to START_MICROPHONE

[16:05:42][D][setting variable -> voice_assistant_phase:853]: setting voice_assistant_phase to voice_assist_idle_phase_id

[16:05:42][D][micro_wake_word:107]: Starting Microphone
[16:05:42][D][micro_wake_word:195]: State changed from START_MICROPHONE to STARTING_MICROPHONE
[16:05:42][D][esp-idf:000]: I (334165) I2S: DMA Malloc info, datalen=blocksize=1024, dma_buf_count=4
[16:05:42][D][micro_wake_word:195]: State changed from STARTING_MICROPHONE to DETECTING_WAKE_WORD

[16:05:50][D][setting variable -> voice_assistant_phase:853]: setting voice_assistant_phase to voice_assist_idle_phase_id